******************************************************************************
             TMS320C2000 Linker PC v22.6.0                     
******************************************************************************
>> Linked Sun Nov  3 21:26:15 2024

OUTPUT FILE NAME:   <28379D_CPU1.out>
ENTRY POINT SYMBOL: "code_start"  address: 00080000


MEMORY CONFIGURATION

         name            origin    length      used     unused   attr    fill
----------------------  --------  ---------  --------  --------  ----  --------
PAGE 0:
  RAMM0                 00000123   000002dd  00000000  000002dd  RWIX
  RAMLS0                00008000   00000800  00000042  000007be  RWIX
  RAMLS1                00008800   00000800  00000198  00000668  RWIX
  RAMLS2_5              00009000   00002000  00000718  000018e8  RWIX
  RAMD0                 0000b000   00000800  00000000  00000800  RWIX
  PROGRAM               00017000   00004ff8  00000aed  0000450b  RWIX
  BEGIN                 00080000   00000002  00000002  00000000  RWIX
  FLASHA                00080002   00001ffe  00000000  00001ffe  RWIX
  FLASH_APP             00082000   0003c000  00005b00  00036500  RWIX
  FLASHN                000be000   00001ff0  00000000  00001ff0  RWIX
  FLASHN_RSVD           000bfff0   00000010  00000000  00000010  RWIX
  RESET                 003fffc0   00000002  00000000  00000002  RWIX

PAGE 1:
  BOOT_RSVD             00000002   00000121  00000000  00000121  RWIX
  RAMM1                 00000400   000003f8  000003f8  00000000  RWIX
  ADCARESULT            00000b00   00000018  00000018  00000000  RWIX
  ADCBRESULT            00000b20   00000018  00000018  00000000  RWIX
  ADCCRESULT            00000b40   00000018  00000018  00000000  RWIX
  ADCDRESULT            00000b60   00000018  00000018  00000000  RWIX
  CPUTIMER0             00000c00   00000008  00000008  00000000  RWIX
  CPUTIMER1             00000c08   00000008  00000008  00000000  RWIX
  CPUTIMER2             00000c10   00000008  00000008  00000000  RWIX
  PIECTRL               00000ce0   0000001a  0000001a  00000000  RWIX
  PIEVECTTABLE          00000d00   00000200  000001c0  00000040  RWIX
  DMA                   00001000   00000200  000000e0  00000120  RWIX
  CLA1                  00001400   00000080  0000003e  00000042  RWIX
  CLA1_MSGRAMLOW        00001480   00000080  00000000  00000080  RWIX
  CLA1_MSGRAMHIGH       00001500   00000080  00000000  00000080  RWIX
  EMIF2_CS2n            00002000   00001000  00000000  00001000  RWIX
  CLB1LOGICCFG          00003000   00000052  0000003e  00000014  RWIX
  CLB1LOGICCTRL         00003100   00000040  00000040  00000000  RWIX
  CLB1DATAEXCH          00003200   00000200  00000108  000000f8  RWIX
  CLB2LOGICCFG          00003400   00000052  0000003e  00000014  RWIX
  CLB2LOGICCTRL         00003500   00000040  00000040  00000000  RWIX
  CLB2DATAEXCH          00003600   00000200  00000108  000000f8  RWIX
  CLB3LOGICCFG          00003800   00000052  0000003e  00000014  RWIX
  CLB3LOGICCTRL         00003900   00000040  00000040  00000000  RWIX
  CLB3DATAEXCH          00003a00   00000200  00000108  000000f8  RWIX
  CLB4LOGICCFG          00003c00   00000052  0000003e  00000014  RWIX
  CLB4LOGICCTRL         00003d00   00000040  00000040  00000000  RWIX
  CLB4DATAEXCH          00003e00   00000200  00000108  000000f8  RWIX
  EPWM1                 00004000   00000100  00000100  00000000  RWIX
  EPWM2                 00004100   00000100  00000100  00000000  RWIX
  EPWM3                 00004200   00000100  00000100  00000000  RWIX
  EPWM4                 00004300   00000100  00000100  00000000  RWIX
  EPWM5                 00004400   00000100  00000100  00000000  RWIX
  EPWM6                 00004500   00000100  00000100  00000000  RWIX
  EPWM7                 00004600   00000100  00000100  00000000  RWIX
  EPWM8                 00004700   00000100  00000100  00000000  RWIX
  EPWM9                 00004800   00000100  00000100  00000000  RWIX
  EPWM10                00004900   00000100  00000100  00000000  RWIX
  EPWM11                00004a00   00000100  00000100  00000000  RWIX
  EPWM12                00004b00   00000100  00000100  00000000  RWIX
  ECAP1                 00005000   00000020  0000001a  00000006  RWIX
  ECAP2                 00005020   00000020  0000001a  00000006  RWIX
  ECAP3                 00005040   00000020  0000001a  00000006  RWIX
  ECAP4                 00005060   00000020  0000001a  00000006  RWIX
  ECAP5                 00005080   00000020  0000001a  00000006  RWIX
  ECAP6                 000050a0   00000020  0000001a  00000006  RWIX
  EQEP1                 00005100   00000022  00000022  00000000  RWIX
  EQEP2                 00005140   00000022  00000022  00000000  RWIX
  EQEP3                 00005180   00000022  00000022  00000000  RWIX
  DACA                  00005c00   00000008  00000007  00000001  RWIX
  DACB                  00005c10   00000008  00000007  00000001  RWIX
  DACC                  00005c20   00000008  00000007  00000001  RWIX
  CMPSS1                00005c80   00000020  0000001b  00000005  RWIX
  CMPSS2                00005ca0   00000020  0000001b  00000005  RWIX
  CMPSS3                00005cc0   00000020  0000001b  00000005  RWIX
  CMPSS4                00005ce0   00000020  0000001b  00000005  RWIX
  CMPSS5                00005d00   00000020  0000001b  00000005  RWIX
  CMPSS6                00005d20   00000020  0000001b  00000005  RWIX
  CMPSS7                00005d40   00000020  0000001b  00000005  RWIX
  CMPSS8                00005d60   00000020  0000001b  00000005  RWIX
  SDFM1                 00005e00   00000080  00000048  00000038  RWIX
  SDFM2                 00005e80   00000080  00000048  00000038  RWIX
  MCBSPA                00006000   00000024  00000024  00000000  RWIX
  MCBSPB                00006040   00000024  00000024  00000000  RWIX
  SPIA                  00006100   00000010  00000010  00000000  RWIX
  SPIB                  00006110   00000010  00000010  00000000  RWIX
  SPIC                  00006120   00000010  00000010  00000000  RWIX
  UPP                   00006200   00000048  00000048  00000000  RWIX
  WD                    00007000   0000002b  0000002b  00000000  RWIX
  NMIINTRUPT            00007060   00000007  00000007  00000000  RWIX
  XINT                  00007070   0000000b  0000000b  00000000  RWIX
  SCIA                  00007200   00000010  00000010  00000000  RWIX
  SCIB                  00007210   00000010  00000010  00000000  RWIX
  SCIC                  00007220   00000010  00000010  00000000  RWIX
  SCID                  00007230   00000010  00000010  00000000  RWIX
  I2CA                  00007300   00000022  00000022  00000000  RWIX
  I2CB                  00007340   00000022  00000022  00000000  RWIX
  ADCA                  00007400   00000080  0000007c  00000004  RWIX
  ADCB                  00007480   00000080  0000007c  00000004  RWIX
  ADCC                  00007500   00000080  0000007c  00000004  RWIX
  ADCD                  00007580   00000080  0000007c  00000004  RWIX
  INPUTXBAR             00007900   00000020  00000020  00000000  RWIX
  XBAR                  00007920   00000020  0000000e  00000012  RWIX
  SYNCSOC               00007940   00000006  00000006  00000000  RWIX
  DMACLASRCSEL          00007980   0000001a  0000001a  00000000  RWIX
  EPWMXBAR              00007a00   00000040  00000040  00000000  RWIX
  CLBXBAR               00007a40   00000040  00000040  00000000  RWIX
  OUTPUTXBAR            00007a80   00000040  00000040  00000000  RWIX
  GPIOCTRL              00007c00   00000180  00000180  00000000  RWIX
  GPIODATA              00007f00   00000030  00000030  00000000  RWIX
  RAMGS0                0000c000   00001000  00000000  00001000  RWIX
  RAMGS_DATA            0000d000   0000a000  0000157f  00008a81  RWIX
  EMIF1                 00047000   00000070  00000028  00000048  RWIX
  EMIF2                 00047800   00000070  00000028  00000048  RWIX
  CANA                  00048000   00000200  00000164  0000009c  RWIX
  CANB                  0004a000   00000200  00000164  0000009c  RWIX
  IPC                   00050000   00000024  00000024  00000000  RWIX
  FLASHPUMPSEMAPHORE    00050024   00000002  00000002  00000000  RWIX
  DEVCFG                0005d000   0000012e  0000012e  00000000  RWIX
  ANALOGSUBSYS          0005d180   00000048  0000003e  0000000a  RWIX
  CLKCFG                0005d200   00000032  00000032  00000000  RWIX
  CPUSYS                0005d300   00000082  00000082  00000000  RWIX
  ROMPREFETCH           0005e608   00000002  00000002  00000000  RWIX
  DCSMZ1                0005f000   00000024  00000022  00000002  RWIX
  DCSMZ2                0005f040   00000024  00000022  00000002  RWIX
  DCSMCOMMON            0005f070   00000008  00000006  00000002  RWIX
  MEMCFG                0005f400   00000080  00000076  0000000a  RWIX
  EMIF1CONFIG           0005f480   00000020  0000000a  00000016  RWIX
  EMIF2CONFIG           0005f4a0   00000020  0000000a  00000016  RWIX
  ACCESSPROTECTION      0005f4c0   00000040  0000002e  00000012  RWIX
  MEMORYERROR           0005f500   00000040  0000003a  00000006  RWIX
  ROMWAITSTATE          0005f540   00000002  00000002  00000000  RWIX
  FLASH0CTRL            0005f800   00000182  00000182  00000000  RWIX
  FLASH0ECC             0005fb00   00000028  00000028  00000000  RWIX
  UID                   000703c0   00000010  00000010  00000000  RWIX
  EMIF1_CS2n            00100000   00200000  00000000  00200000  RWIX
  EMIF1_CS3n            00300000   00080000  00000000  00080000  RWIX
  EMIF1_CS4n            00380000   00060000  00000000  00060000  RWIX
  EMIF1_CS0n            80000000   10000000  00000000  10000000  RWIX
  EMIF2_CS0n            90000000   10000000  00000000  10000000  RWIX


SECTION ALLOCATION MAP

 output                                  attributes/
section   page    origin      length       input sections
--------  ----  ----------  ----------   ----------------
CLADataLS0 
*          0    00008000    00000042     UNINITIALIZED
                  00008000    00000042     Adc_User.obj (CLADataLS0)

CLADataLS1 
*          0    00008800    00000198     UNINITIALIZED
                  00008800    00000170     ShareData.obj (CLADataLS1)
                  00008970    0000000c     SuperTask.obj (CLADataLS1)
                  0000897c    00000001     DCController.obj (CLADataLS1)
                  0000897d    00000003     --HOLE--
                  00008980    00000018     PfcController.obj (CLADataLS1)

codestart 
*          0    00080000    00000002     
                  00080000    00000002     F2837xD_CodeStartBranch.obj (codestart)

.text      0    00082000    0000452f     
                  00082000    000009f2     Adc_User.obj (.text)
                  000829f2    000008d7     UartDebug.obj (.text)
                  000832c9    00000585     F2837xD_DefaultISR.obj (.text:retain)
                  0008384e    000004dc     PWM_User.obj (.text)
                  00083d2a    000004c7     can.obj (.text)
                  000841f1    000004b4     F2837xD_SysCtrl.obj (.text)
                  000846a5    0000045e     CAN_User.obj (.text)
                  00084b03    000002ef     Cmpss_User.obj (.text)
                  00084df2    00000244     F2837xD_Gpio.obj (.text)
                  00085036    0000020c     SuperTask.obj (.text)
                  00085242    000001fe     PfcController.obj (.text)
                  00085440    000001eb     gpio.obj (.text)
                  0008562b    000001cc     MeasureTask.obj (.text)
                  000857f7    00000173     interrupt.obj (.text)
                  0008596a    00000138     main.obj (.text)
                  00085aa2    00000136     ShareData.obj (.text)
                  00085bd8    00000117     Gpio_User.obj (.text)
                  00085cef    000000f0     F2837xD_Adc.obj (.text)
                  00085ddf    000000ea     Modbus_RTU.obj (.text)
                  00085ec9    000000d2     RTOS_TASK.obj (.text)
                  00085f9b    000000a6     CAN_User.obj (.text:retain)
                  00086041    0000008d     Cla_User.obj (.text)
                  000860ce    00000088     rts2800_fpu32.lib : fs_div28.asm.obj (.text)
                  00086156    00000085     Interrupt.obj (.text:retain)
                  000861db    00000083     Cla_User.obj (.text:retain)
                  0008625e    00000079     RTOS_EVENT.obj (.text)
                  000862d7    0000006e     Initial.obj (.text)
                  00086345    00000056     rts2800_fpu32.lib : boot28.asm.obj (.text)
                  0008639b    0000002a     interrupt.obj (.text:retain)
                  000863c5    0000002a     rts2800_fpu32.lib : l_div28.asm.obj (.text)
                  000863ef    00000029                       : exit.c.obj (.text)
                  00086418    00000028     F2837xD_PieCtrl.obj (.text)
                  00086440    00000026     F2837xD_PieVect.obj (.text)
                  00086466    00000024     rts2800_fpu32.lib : cpy_tbl.c.obj (.text)
                  0008648a    0000001e     DebugTask.obj (.text)
                  000864a8    0000001e     rts2800_fpu32.lib : ll_cmp28.asm.obj (.text)
                  000864c6    0000001d                       : memcpy.c.obj (.text)
                  000864e3    00000018                       : ll_aox28.asm.obj (.text)
                  000864fb    00000012                       : args_main.c.obj (.text)
                  0008650d    0000000b                       : u_div28.asm.obj (.text)
                  00086518    00000009                       : _lock.c.obj (.text)
                  00086521    00000008     F2837xD_CodeStartBranch.obj (.text)
                  00086529    00000003     F2837xD_DBGIER.obj (.text)
                  0008652c    00000002     rts2800_fpu32.lib : pre_init.c.obj (.text)
                  0008652e    00000001                       : startup.c.obj (.text)

.cinit     0    00087738    0000020c     
                  00087738    0000005f     UartDebug.obj (.cinit:_f32_GraphIdTab)
                  00087797    00000056     PfcController.obj (.cinit)
                  000877ed    00000034     UartDebug.obj (.cinit)
                  00087821    00000033     UartDebug.obj (.cinit:_i16_GraphIdTab)
                  00087854    00000021     F2837xD_struct.obj (.cinit:_TRIP_SEL)
                  00087875    0000001d     ShareData.obj (.cinit)
                  00087892    0000001d     F2837xD_struct.obj (.cinit:_EPWM)
                  000878af    00000012     CAN_User.obj (.cinit)
                  000878c1    00000011     F2837xD_struct.obj (.cinit:_ECAP)
                  000878d2    0000000e     rts2800_fpu32.lib : exit.c.obj (.cinit)
                  000878e0    0000000d     F2837xD_struct.obj (.cinit:_ADC)
                  000878ed    0000000b     F2837xD_struct.obj (.cinit:_EQEP)
                  000878f8    0000000b     F2837xD_struct.obj (.cinit:_SPI)
                  00087903    00000009     F2837xD_struct.obj (.cinit:_SDFM)
                  0008790c    00000008     main.obj (.cinit)
                  00087914    00000007     Interrupt.obj (.cinit)
                  0008791b    00000007     F2837xD_struct.obj (.cinit:_I2C)
                  00087922    00000007     F2837xD_struct.obj (.cinit:_MCBSP)
                  00087929    00000007     F2837xD_struct.obj (.cinit:_SCI)
                  00087930    00000005     rts2800_fpu32.lib : _lock.c.obj (.cinit:__lock)
                  00087935    00000005                       : _lock.c.obj (.cinit:__unlock)
                  0008793a    00000004     F2837xD_sci_io.obj (.cinit)
                  0008793e    00000004     CAN_User.obj (.cinit:_userdata)
                  00087942    00000002     --HOLE-- [fill = 0]

.stack     1    00000400    000003f8     UNINITIALIZED
                  00000400    000003f8     --HOLE--

.pinit     0    00082000    00000000     UNINITIALIZED

.ebss      1    0000d000    0000157f     UNINITIALIZED
                  0000d000    00000fb4     UartDebug.obj (.ebss:_uwTranmitDataBuff)
                  0000dfb4    0000000a     F2837xD_struct.obj (.ebss:_ADC)
                  0000dfbe    00000002     rts2800_fpu32.lib : _lock.c.obj (.ebss:__lock)
                  0000dfc0    000001a4     PfcController.obj (.ebss)
                  0000e164    0000001a     F2837xD_struct.obj (.ebss:_EPWM)
                  0000e17e    00000002     rts2800_fpu32.lib : _lock.c.obj (.ebss:__unlock)
                  0000e180    000000d8     Modbus_RTU.obj (.ebss)
                  0000e258    0000001f     MeasureTask.obj (.ebss)
                  0000e277    00000001     Cla_User.obj (.ebss)
                  0000e278    00000008     CAN_User.obj (.ebss)
                  0000e280    00000096     UartDebug.obj (.ebss:_bUserDataBuf)
                  0000e316    0000001e     F2837xD_struct.obj (.ebss:_TRIP_SEL)
                  0000e334    0000000a     UartDebug.obj (.ebss:_QList)
                  0000e33e    00000002     UartDebug.obj (.ebss:_pbCmdBuffer)
                  0000e340    00000080     RTOS_TASK.obj (.ebss:_Task_Struct_Table)
                  0000e3c0    00000064     UartDebug.obj (.ebss:_f32_GraphIdTab)
                  0000e424    00000018     F2837xD_CpuTimers.obj (.ebss)
                  0000e43c    00000004     F2837xD_struct.obj (.ebss:_I2C)
                  0000e440    00000064     UartDebug.obj (.ebss:_i16_GraphIdTab)
                  0000e4a4    00000018     UartDebug.obj (.ebss)
                  0000e4bc    00000004     F2837xD_struct.obj (.ebss:_MCBSP)
                  0000e4c0    00000032     UartDebug.obj (.ebss:_bCommandBuffer)
                  0000e4f2    0000000e     F2837xD_struct.obj (.ebss:_ECAP)
                  0000e500    00000032     UartDebug.obj (.ebss:_bQueueBuffer)
                  0000e532    0000000a     UartDebug.obj (.ebss:_SciList)
                  0000e53c    00000004     F2837xD_struct.obj (.ebss:_SCI)
                  0000e540    00000008     F2837xD_struct.obj (.ebss:_EQEP)
                  0000e548    00000008     F2837xD_struct.obj (.ebss:_SPI)
                  0000e550    00000008     CAN_User.obj (.ebss:_userdata)
                  0000e558    00000006     Interrupt.obj (.ebss)
                  0000e55e    00000006     F2837xD_TempSensorConv.obj (.ebss)
                  0000e564    00000006     F2837xD_struct.obj (.ebss:_SDFM)
                  0000e56a    00000006     rts2800_fpu32.lib : exit.c.obj (.ebss)
                  0000e570    00000005     MeasureTask.obj (.ebss:_u16_test)
                  0000e575    00000003     RTOS_TASK.obj (.ebss)
                  0000e578    00000003     main.obj (.ebss)
                  0000e57b    00000001     DebugTask.obj (.ebss)
                  0000e57c    00000001     F2837xD_sci_io.obj (.ebss)
                  0000e57d    00000001     UartDebug.obj (.ebss:_u16_Tx2RxFlag)
                  0000e57e    00000001     UartDebug.obj (.ebss:_uwCommandLength)

.econst    0    00087948    000001c0     
                  00087948    000001c0     F2837xD_PieVect.obj (.econst:_PieVectTableInit)

.reset     0    003fffc0    00000002     DSECT
                  003fffc0    00000002     rts2800_fpu32.lib : boot28.asm.obj (.reset)

Cla1Prog   0    00087020    00000718     RUN ADDR = 00009000
                  00087020    000005fe     DCController.obj (Cla1Prog:_Cla1Task1)
                  0008761e    000000c6     DCController.obj (Cla1Prog:_sAdcClaSample)
                  000876e4    00000024     DCController.obj (Cla1Prog:_Cla1Task8)
                  00087708    00000008     DCController.obj (Cla1Prog:_Cla1Task2)
                  00087710    00000008     DCController.obj (Cla1Prog:_Cla1Task3)
                  00087718    00000008     DCController.obj (Cla1Prog:_Cla1Task4)
                  00087720    00000008     DCController.obj (Cla1Prog:_Cla1Task5)
                  00087728    00000008     DCController.obj (Cla1Prog:_Cla1Task6)
                  00087730    00000008     DCController.obj (Cla1Prog:_Cla1Task7)

.TI.ramfunc 
*          0    00086530    00000aed     RUN ADDR = 00017000
                  00086530    00000921     PfcController.obj (.TI.ramfunc)
                  00086e51    000000b9     UartDebug.obj (.TI.ramfunc)
                  00086f0a    000000a2     Interrupt.obj (.TI.ramfunc:retain)
                  00086fac    00000037     F2837xD_SysCtrl.obj (.TI.ramfunc)
                  00086fe3    00000032     RTOS_TIMER.obj (.TI.ramfunc)
                  00087015    00000004     F2837xD_usDelay.obj (.TI.ramfunc)
                  00087019    00000004     sysctl.obj (.TI.ramfunc)

AdcaResultRegsFile 
*          1    00000b00    00000018     UNINITIALIZED
                  00000b00    00000018     F2837xD_GlobalVariableDefs.obj (AdcaResultRegsFile)

AdcbResultRegsFile 
*          1    00000b20    00000018     UNINITIALIZED
                  00000b20    00000018     F2837xD_GlobalVariableDefs.obj (AdcbResultRegsFile)

AdccResultRegsFile 
*          1    00000b40    00000018     UNINITIALIZED
                  00000b40    00000018     F2837xD_GlobalVariableDefs.obj (AdccResultRegsFile)

AdcdResultRegsFile 
*          1    00000b60    00000018     UNINITIALIZED
                  00000b60    00000018     F2837xD_GlobalVariableDefs.obj (AdcdResultRegsFile)

CpuTimer0RegsFile 
*          1    00000c00    00000008     UNINITIALIZED
                  00000c00    00000008     F2837xD_GlobalVariableDefs.obj (CpuTimer0RegsFile)

CpuTimer1RegsFile 
*          1    00000c08    00000008     UNINITIALIZED
                  00000c08    00000008     F2837xD_GlobalVariableDefs.obj (CpuTimer1RegsFile)

CpuTimer2RegsFile 
*          1    00000c10    00000008     UNINITIALIZED
                  00000c10    00000008     F2837xD_GlobalVariableDefs.obj (CpuTimer2RegsFile)

PieCtrlRegsFile 
*          1    00000ce0    0000001a     UNINITIALIZED
                  00000ce0    0000001a     F2837xD_GlobalVariableDefs.obj (PieCtrlRegsFile)

PieVectTableFile 
*          1    00000d00    000001c0     UNINITIALIZED
                  00000d00    000001c0     F2837xD_GlobalVariableDefs.obj (PieVectTableFile)

EmuKeyVar 
*          1    00000d00    00000000     UNINITIALIZED

EmuBModeVar 
*          1    00000d00    00000000     UNINITIALIZED

EmuBootPinsVar 
*          1    00000d00    00000000     UNINITIALIZED

FlashCallbackVar 
*          1    00000d00    00000000     UNINITIALIZED

FlashScalingVar 
*          1    00000d00    00000000     UNINITIALIZED

DmaRegsFile 
*          1    00001000    000000e0     UNINITIALIZED
                  00001000    000000e0     F2837xD_GlobalVariableDefs.obj (DmaRegsFile)

Cla1RegsFile 
*          1    00001400    0000003e     UNINITIALIZED
                  00001400    0000003e     F2837xD_GlobalVariableDefs.obj (Cla1RegsFile)

Clb1LogicCfgRegsFile 
*          1    00003000    0000003e     UNINITIALIZED
                  00003000    0000003e     F2837xD_GlobalVariableDefs.obj (Clb1LogicCfgRegsFile)

Clb1LogicCtrlRegsFile 
*          1    00003100    00000040     UNINITIALIZED
                  00003100    00000040     F2837xD_GlobalVariableDefs.obj (Clb1LogicCtrlRegsFile)

Clb1DataExchRegsFile 
*          1    00003200    00000108     UNINITIALIZED
                  00003200    00000108     F2837xD_GlobalVariableDefs.obj (Clb1DataExchRegsFile)

Clb2LogicCfgRegsFile 
*          1    00003400    0000003e     UNINITIALIZED
                  00003400    0000003e     F2837xD_GlobalVariableDefs.obj (Clb2LogicCfgRegsFile)

Clb2LogicCtrlRegsFile 
*          1    00003500    00000040     UNINITIALIZED
                  00003500    00000040     F2837xD_GlobalVariableDefs.obj (Clb2LogicCtrlRegsFile)

Clb2DataExchRegsFile 
*          1    00003600    00000108     UNINITIALIZED
                  00003600    00000108     F2837xD_GlobalVariableDefs.obj (Clb2DataExchRegsFile)

Clb3LogicCfgRegsFile 
*          1    00003800    0000003e     UNINITIALIZED
                  00003800    0000003e     F2837xD_GlobalVariableDefs.obj (Clb3LogicCfgRegsFile)

Clb3LogicCtrlRegsFile 
*          1    00003900    00000040     UNINITIALIZED
                  00003900    00000040     F2837xD_GlobalVariableDefs.obj (Clb3LogicCtrlRegsFile)

Clb3DataExchRegsFile 
*          1    00003a00    00000108     UNINITIALIZED
                  00003a00    00000108     F2837xD_GlobalVariableDefs.obj (Clb3DataExchRegsFile)

Clb4LogicCfgRegsFile 
*          1    00003c00    0000003e     UNINITIALIZED
                  00003c00    0000003e     F2837xD_GlobalVariableDefs.obj (Clb4LogicCfgRegsFile)

Clb4LogicCtrlRegsFile 
*          1    00003d00    00000040     UNINITIALIZED
                  00003d00    00000040     F2837xD_GlobalVariableDefs.obj (Clb4LogicCtrlRegsFile)

Clb4DataExchRegsFile 
*          1    00003e00    00000108     UNINITIALIZED
                  00003e00    00000108     F2837xD_GlobalVariableDefs.obj (Clb4DataExchRegsFile)

EPwm1RegsFile 
*          1    00004000    00000100     UNINITIALIZED
                  00004000    00000100     F2837xD_GlobalVariableDefs.obj (EPwm1RegsFile)

EPwm2RegsFile 
*          1    00004100    00000100     UNINITIALIZED
                  00004100    00000100     F2837xD_GlobalVariableDefs.obj (EPwm2RegsFile)

EPwm3RegsFile 
*          1    00004200    00000100     UNINITIALIZED
                  00004200    00000100     F2837xD_GlobalVariableDefs.obj (EPwm3RegsFile)

EPwm4RegsFile 
*          1    00004300    00000100     UNINITIALIZED
                  00004300    00000100     F2837xD_GlobalVariableDefs.obj (EPwm4RegsFile)

EPwm5RegsFile 
*          1    00004400    00000100     UNINITIALIZED
                  00004400    00000100     F2837xD_GlobalVariableDefs.obj (EPwm5RegsFile)

EPwm6RegsFile 
*          1    00004500    00000100     UNINITIALIZED
                  00004500    00000100     F2837xD_GlobalVariableDefs.obj (EPwm6RegsFile)

EPwm7RegsFile 
*          1    00004600    00000100     UNINITIALIZED
                  00004600    00000100     F2837xD_GlobalVariableDefs.obj (EPwm7RegsFile)

EPwm8RegsFile 
*          1    00004700    00000100     UNINITIALIZED
                  00004700    00000100     F2837xD_GlobalVariableDefs.obj (EPwm8RegsFile)

EPwm9RegsFile 
*          1    00004800    00000100     UNINITIALIZED
                  00004800    00000100     F2837xD_GlobalVariableDefs.obj (EPwm9RegsFile)

EPwm10RegsFile 
*          1    00004900    00000100     UNINITIALIZED
                  00004900    00000100     F2837xD_GlobalVariableDefs.obj (EPwm10RegsFile)

EPwm11RegsFile 
*          1    00004a00    00000100     UNINITIALIZED
                  00004a00    00000100     F2837xD_GlobalVariableDefs.obj (EPwm11RegsFile)

EPwm12RegsFile 
*          1    00004b00    00000100     UNINITIALIZED
                  00004b00    00000100     F2837xD_GlobalVariableDefs.obj (EPwm12RegsFile)

ECap1RegsFile 
*          1    00005000    0000001a     UNINITIALIZED
                  00005000    0000001a     F2837xD_GlobalVariableDefs.obj (ECap1RegsFile)

ECap2RegsFile 
*          1    00005020    0000001a     UNINITIALIZED
                  00005020    0000001a     F2837xD_GlobalVariableDefs.obj (ECap2RegsFile)

ECap3RegsFile 
*          1    00005040    0000001a     UNINITIALIZED
                  00005040    0000001a     F2837xD_GlobalVariableDefs.obj (ECap3RegsFile)

ECap4RegsFile 
*          1    00005060    0000001a     UNINITIALIZED
                  00005060    0000001a     F2837xD_GlobalVariableDefs.obj (ECap4RegsFile)

ECap5RegsFile 
*          1    00005080    0000001a     UNINITIALIZED
                  00005080    0000001a     F2837xD_GlobalVariableDefs.obj (ECap5RegsFile)

ECap6RegsFile 
*          1    000050a0    0000001a     UNINITIALIZED
                  000050a0    0000001a     F2837xD_GlobalVariableDefs.obj (ECap6RegsFile)

EQep1RegsFile 
*          1    00005100    00000022     UNINITIALIZED
                  00005100    00000022     F2837xD_GlobalVariableDefs.obj (EQep1RegsFile)

EQep2RegsFile 
*          1    00005140    00000022     UNINITIALIZED
                  00005140    00000022     F2837xD_GlobalVariableDefs.obj (EQep2RegsFile)

EQep3RegsFile 
*          1    00005180    00000022     UNINITIALIZED
                  00005180    00000022     F2837xD_GlobalVariableDefs.obj (EQep3RegsFile)

DacaRegsFile 
*          1    00005c00    00000007     UNINITIALIZED
                  00005c00    00000007     F2837xD_GlobalVariableDefs.obj (DacaRegsFile)

DacbRegsFile 
*          1    00005c10    00000007     UNINITIALIZED
                  00005c10    00000007     F2837xD_GlobalVariableDefs.obj (DacbRegsFile)

DaccRegsFile 
*          1    00005c20    00000007     UNINITIALIZED
                  00005c20    00000007     F2837xD_GlobalVariableDefs.obj (DaccRegsFile)

Cmpss1RegsFile 
*          1    00005c80    0000001b     UNINITIALIZED
                  00005c80    0000001b     F2837xD_GlobalVariableDefs.obj (Cmpss1RegsFile)

Cmpss2RegsFile 
*          1    00005ca0    0000001b     UNINITIALIZED
                  00005ca0    0000001b     F2837xD_GlobalVariableDefs.obj (Cmpss2RegsFile)

Cmpss3RegsFile 
*          1    00005cc0    0000001b     UNINITIALIZED
                  00005cc0    0000001b     F2837xD_GlobalVariableDefs.obj (Cmpss3RegsFile)

Cmpss4RegsFile 
*          1    00005ce0    0000001b     UNINITIALIZED
                  00005ce0    0000001b     F2837xD_GlobalVariableDefs.obj (Cmpss4RegsFile)

Cmpss5RegsFile 
*          1    00005d00    0000001b     UNINITIALIZED
                  00005d00    0000001b     F2837xD_GlobalVariableDefs.obj (Cmpss5RegsFile)

Cmpss6RegsFile 
*          1    00005d20    0000001b     UNINITIALIZED
                  00005d20    0000001b     F2837xD_GlobalVariableDefs.obj (Cmpss6RegsFile)

Cmpss7RegsFile 
*          1    00005d40    0000001b     UNINITIALIZED
                  00005d40    0000001b     F2837xD_GlobalVariableDefs.obj (Cmpss7RegsFile)

Cmpss8RegsFile 
*          1    00005d60    0000001b     UNINITIALIZED
                  00005d60    0000001b     F2837xD_GlobalVariableDefs.obj (Cmpss8RegsFile)

Sdfm1RegsFile 
*          1    00005e00    00000048     UNINITIALIZED
                  00005e00    00000048     F2837xD_GlobalVariableDefs.obj (Sdfm1RegsFile)

Sdfm2RegsFile 
*          1    00005e80    00000048     UNINITIALIZED
                  00005e80    00000048     F2837xD_GlobalVariableDefs.obj (Sdfm2RegsFile)

McbspaRegsFile 
*          1    00006000    00000024     UNINITIALIZED
                  00006000    00000024     F2837xD_GlobalVariableDefs.obj (McbspaRegsFile)

McbspbRegsFile 
*          1    00006040    00000024     UNINITIALIZED
                  00006040    00000024     F2837xD_GlobalVariableDefs.obj (McbspbRegsFile)

SpiaRegsFile 
*          1    00006100    00000010     UNINITIALIZED
                  00006100    00000010     F2837xD_GlobalVariableDefs.obj (SpiaRegsFile)

SpibRegsFile 
*          1    00006110    00000010     UNINITIALIZED
                  00006110    00000010     F2837xD_GlobalVariableDefs.obj (SpibRegsFile)

SpicRegsFile 
*          1    00006120    00000010     UNINITIALIZED
                  00006120    00000010     F2837xD_GlobalVariableDefs.obj (SpicRegsFile)

UppRegsFile 
*          1    00006200    00000048     UNINITIALIZED
                  00006200    00000048     F2837xD_GlobalVariableDefs.obj (UppRegsFile)

WdRegsFile 
*          1    00007000    0000002b     UNINITIALIZED
                  00007000    0000002b     F2837xD_GlobalVariableDefs.obj (WdRegsFile)

NmiIntruptRegsFile 
*          1    00007060    00000007     UNINITIALIZED
                  00007060    00000007     F2837xD_GlobalVariableDefs.obj (NmiIntruptRegsFile)

XintRegsFile 
*          1    00007070    0000000b     UNINITIALIZED
                  00007070    0000000b     F2837xD_GlobalVariableDefs.obj (XintRegsFile)

SciaRegsFile 
*          1    00007200    00000010     UNINITIALIZED
                  00007200    00000010     F2837xD_GlobalVariableDefs.obj (SciaRegsFile)

ScibRegsFile 
*          1    00007210    00000010     UNINITIALIZED
                  00007210    00000010     F2837xD_GlobalVariableDefs.obj (ScibRegsFile)

ScicRegsFile 
*          1    00007220    00000010     UNINITIALIZED
                  00007220    00000010     F2837xD_GlobalVariableDefs.obj (ScicRegsFile)

ScidRegsFile 
*          1    00007230    00000010     UNINITIALIZED
                  00007230    00000010     F2837xD_GlobalVariableDefs.obj (ScidRegsFile)

I2caRegsFile 
*          1    00007300    00000022     UNINITIALIZED
                  00007300    00000022     F2837xD_GlobalVariableDefs.obj (I2caRegsFile)

I2cbRegsFile 
*          1    00007340    00000022     UNINITIALIZED
                  00007340    00000022     F2837xD_GlobalVariableDefs.obj (I2cbRegsFile)

AdcaRegsFile 
*          1    00007400    0000007c     UNINITIALIZED
                  00007400    0000007c     F2837xD_GlobalVariableDefs.obj (AdcaRegsFile)

AdcbRegsFile 
*          1    00007480    0000007c     UNINITIALIZED
                  00007480    0000007c     F2837xD_GlobalVariableDefs.obj (AdcbRegsFile)

AdccRegsFile 
*          1    00007500    0000007c     UNINITIALIZED
                  00007500    0000007c     F2837xD_GlobalVariableDefs.obj (AdccRegsFile)

AdcdRegsFile 
*          1    00007580    0000007c     UNINITIALIZED
                  00007580    0000007c     F2837xD_GlobalVariableDefs.obj (AdcdRegsFile)

InputXbarRegsFile 
*          1    00007900    00000020     UNINITIALIZED
                  00007900    00000020     F2837xD_GlobalVariableDefs.obj (InputXbarRegsFile)

XbarRegsFile 
*          1    00007920    0000000e     UNINITIALIZED
                  00007920    0000000e     F2837xD_GlobalVariableDefs.obj (XbarRegsFile)

SyncSocRegsFile 
*          1    00007940    00000006     UNINITIALIZED
                  00007940    00000006     F2837xD_GlobalVariableDefs.obj (SyncSocRegsFile)

DmaClaSrcSelRegsFile 
*          1    00007980    0000001a     UNINITIALIZED
                  00007980    0000001a     F2837xD_GlobalVariableDefs.obj (DmaClaSrcSelRegsFile)

EPwmXbarRegsFile 
*          1    00007a00    00000040     UNINITIALIZED
                  00007a00    00000040     F2837xD_GlobalVariableDefs.obj (EPwmXbarRegsFile)

ClbXbarRegsFile 
*          1    00007a40    00000040     UNINITIALIZED
                  00007a40    00000040     F2837xD_GlobalVariableDefs.obj (ClbXbarRegsFile)

OutputXbarRegsFile 
*          1    00007a80    00000040     UNINITIALIZED
                  00007a80    00000040     F2837xD_GlobalVariableDefs.obj (OutputXbarRegsFile)

GpioCtrlRegsFile 
*          1    00007c00    00000180     UNINITIALIZED
                  00007c00    00000180     F2837xD_GlobalVariableDefs.obj (GpioCtrlRegsFile)

GpioDataRegsFile 
*          1    00007f00    00000030     UNINITIALIZED
                  00007f00    00000030     F2837xD_GlobalVariableDefs.obj (GpioDataRegsFile)

Emif1RegsFile 
*          1    00047000    00000028     UNINITIALIZED
                  00047000    00000028     F2837xD_GlobalVariableDefs.obj (Emif1RegsFile)

Emif2RegsFile 
*          1    00047800    00000028     UNINITIALIZED
                  00047800    00000028     F2837xD_GlobalVariableDefs.obj (Emif2RegsFile)

CanaRegsFile 
*          1    00048000    00000164     UNINITIALIZED
                  00048000    00000164     F2837xD_GlobalVariableDefs.obj (CanaRegsFile)

CanbRegsFile 
*          1    0004a000    00000164     UNINITIALIZED
                  0004a000    00000164     F2837xD_GlobalVariableDefs.obj (CanbRegsFile)

IpcRegsFile 
*          1    00050000    00000024     UNINITIALIZED
                  00050000    00000024     F2837xD_GlobalVariableDefs.obj (IpcRegsFile)

FlashPumpSemaphoreRegsFile 
*          1    00050024    00000002     UNINITIALIZED
                  00050024    00000002     F2837xD_GlobalVariableDefs.obj (FlashPumpSemaphoreRegsFile)

DevCfgRegsFile 
*          1    0005d000    0000012e     UNINITIALIZED
                  0005d000    0000012e     F2837xD_GlobalVariableDefs.obj (DevCfgRegsFile)

AnalogSubsysRegsFile 
*          1    0005d180    0000003e     UNINITIALIZED
                  0005d180    0000003e     F2837xD_GlobalVariableDefs.obj (AnalogSubsysRegsFile)

ClkCfgRegsFile 
*          1    0005d200    00000032     UNINITIALIZED
                  0005d200    00000032     F2837xD_GlobalVariableDefs.obj (ClkCfgRegsFile)

CpuSysRegsFile 
*          1    0005d300    00000082     UNINITIALIZED
                  0005d300    00000082     F2837xD_GlobalVariableDefs.obj (CpuSysRegsFile)

DcsmZ1RegsFile 
*          1    0005f000    00000022     UNINITIALIZED
                  0005f000    00000022     F2837xD_GlobalVariableDefs.obj (DcsmZ1RegsFile)

DcsmZ2RegsFile 
*          1    0005f040    00000022     UNINITIALIZED
                  0005f040    00000022     F2837xD_GlobalVariableDefs.obj (DcsmZ2RegsFile)

DcsmCommonRegsFile 
*          1    0005f070    00000006     UNINITIALIZED
                  0005f070    00000006     F2837xD_GlobalVariableDefs.obj (DcsmCommonRegsFile)

MemCfgRegsFile 
*          1    0005f400    00000076     UNINITIALIZED
                  0005f400    00000076     F2837xD_GlobalVariableDefs.obj (MemCfgRegsFile)

Emif1ConfigRegsFile 
*          1    0005f480    0000000a     UNINITIALIZED
                  0005f480    0000000a     F2837xD_GlobalVariableDefs.obj (Emif1ConfigRegsFile)

Emif2ConfigRegsFile 
*          1    0005f4a0    0000000a     UNINITIALIZED
                  0005f4a0    0000000a     F2837xD_GlobalVariableDefs.obj (Emif2ConfigRegsFile)

AccessProtectionRegsFile 
*          1    0005f4c0    0000002e     UNINITIALIZED
                  0005f4c0    0000002e     F2837xD_GlobalVariableDefs.obj (AccessProtectionRegsFile)

MemoryErrorRegsFile 
*          1    0005f500    0000003a     UNINITIALIZED
                  0005f500    0000003a     F2837xD_GlobalVariableDefs.obj (MemoryErrorRegsFile)

Flash0CtrlRegsFile 
*          1    0005f800    00000182     UNINITIALIZED
                  0005f800    00000182     F2837xD_GlobalVariableDefs.obj (Flash0CtrlRegsFile)

Flash0EccRegsFile 
*          1    0005fb00    00000028     UNINITIALIZED
                  0005fb00    00000028     F2837xD_GlobalVariableDefs.obj (Flash0EccRegsFile)

RomPrefetchRegsFile 
*          1    0005e608    00000002     UNINITIALIZED
                  0005e608    00000002     F2837xD_GlobalVariableDefs.obj (RomPrefetchRegsFile)

RomWaitStateRegsFile 
*          1    0005f540    00000002     UNINITIALIZED
                  0005f540    00000002     F2837xD_GlobalVariableDefs.obj (RomWaitStateRegsFile)

UidRegsFile 
*          1    000703c0    00000010     UNINITIALIZED
                  000703c0    00000010     F2837xD_GlobalVariableDefs.obj (UidRegsFile)

MODULE SUMMARY

       Module                           code    initialized data   uninitialized data
       ------                           ----    ----------------   ------------------
    .\App\
       SuperTask.obj                    524     0                  12                
       MeasureTask.obj                  460     0                  36                
       Interrupt.obj                    457     7                  6                 
       main.obj                         312     8                  3                 
       Initial.obj                      110     0                  0                 
       DebugTask.obj                    30      0                  1                 
    +--+--------------------------------+-------+------------------+--------------------+
       Total:                           1893    15                 58                
                                                                                     
    .\Cpu\BitField\Common\source\
       F2837xD_DefaultISR.obj           1413    0                  0                 
       F2837xD_SysCtrl.obj              1314    0                  0                 
       F2837xD_Gpio.obj                 580     0                  0                 
       F2837xD_PieVect.obj              38      448                0                 
       F2837xD_struct.obj               0       144                114               
       F2837xD_Adc.obj                  240     0                  0                 
       F2837xD_PieCtrl.obj              40      0                  0                 
       F2837xD_CpuTimers.obj            0       0                  24                
       F2837xD_CodeStartBranch.obj      10      0                  0                 
       F2837xD_usDelay.obj              8       0                  0                 
       F2837xD_TempSensorConv.obj       0       0                  6                 
       F2837xD_sci_io.obj               0       4                  1                 
       F2837xD_DBGIER.obj               3       0                  0                 
    +--+--------------------------------+-------+------------------+--------------------+
       Total:                           3646    596                145               
                                                                                     
    .\Cpu\BitField\headers\source\
       F2837xD_GlobalVariableDefs.obj   0       0                  9870              
    +--+--------------------------------+-------+------------------+--------------------+
       Total:                           0       0                  9870              
                                                                                     
    .\Cpu\DriverLib\
       can.obj                          1223    0                  0                 
       gpio.obj                         491     0                  0                 
       interrupt.obj                    413     0                  0                 
       sysctl.obj                       8       0                  0                 
    +--+--------------------------------+-------+------------------+--------------------+
       Total:                           2135    0                  0                 
                                                                                     
    .\Driver\
       Adc_User.obj                     2546    0                  66                
       CAN_User.obj                     1284    22                 16                
       PWM_User.obj                     1244    0                  0                 
       Cmpss_User.obj                   751     0                  0                 
       Gpio_User.obj                    279     0                  0                 
       Cla_User.obj                     272     0                  1                 
    +--+--------------------------------+-------+------------------+--------------------+
       Total:                           6376    22                 83                
                                                                                     
    .\Kernel\
       RTOS_TASK.obj                    210     0                  131               
       RTOS_EVENT.obj                   121     0                  0                 
       RTOS_TIMER.obj                   100     0                  0                 
    +--+--------------------------------+-------+------------------+--------------------+
       Total:                           431     0                  131               
                                                                                     
    .\Module\
       UartDebug.obj                    2633    198                4518              
       PfcController.obj                5184    86                 444               
       DCController.obj                 3632    0                  1                 
       ShareData.obj                    310     29                 368               
       Modbus_RTU.obj                   234     0                  216               
    +--+--------------------------------+-------+------------------+--------------------+
       Total:                           11993   313                5547              
                                                                                     
    ../Cpu/Lib/rts2800_fpu32.lib
       fs_div28.asm.obj                 136     0                  0                 
       boot28.asm.obj                   86      0                  0                 
       exit.c.obj                       41      14                 6                 
       l_div28.asm.obj                  42      0                  0                 
       cpy_tbl.c.obj                    36      0                  0                 
       ll_cmp28.asm.obj                 30      0                  0                 
       memcpy.c.obj                     29      0                  0                 
       ll_aox28.asm.obj                 24      0                  0                 
       _lock.c.obj                      9       10                 4                 
       args_main.c.obj                  18      0                  0                 
       u_div28.asm.obj                  11      0                  0                 
       pre_init.c.obj                   2       0                  0                 
       startup.c.obj                    1       0                  0                 
    +--+--------------------------------+-------+------------------+--------------------+
       Total:                           465     24                 10                
                                                                                     
       Stack:                           0       0                  1016              
    +--+--------------------------------+-------+------------------+--------------------+
       Grand Total:                     26939   970                16860             


GLOBAL DATA SYMBOLS: SORTED BY DATA PAGE

address     data page           name
--------    ----------------    ----
00000400      10 (00000400)     __stack

00000b00      2c (00000b00)     _AdcaResultRegs
00000b20      2c (00000b00)     _AdcbResultRegs

00000b40      2d (00000b40)     _AdccResultRegs
00000b60      2d (00000b40)     _AdcdResultRegs

00000c00      30 (00000c00)     _CpuTimer0Regs
00000c08      30 (00000c00)     _CpuTimer1Regs
00000c10      30 (00000c00)     _CpuTimer2Regs

00000ce0      33 (00000cc0)     _PieCtrlRegs

00000d00      34 (00000d00)     _PieVectTable

00001000      40 (00001000)     _DmaRegs

00001400      50 (00001400)     _Cla1Regs

00003000      c0 (00003000)     _Clb1LogicCfgRegs

00003100      c4 (00003100)     _Clb1LogicCtrlRegs

00003200      c8 (00003200)     _Clb1DataExchRegs

00003400      d0 (00003400)     _Clb2LogicCfgRegs

00003500      d4 (00003500)     _Clb2LogicCtrlRegs

00003600      d8 (00003600)     _Clb2DataExchRegs

00003800      e0 (00003800)     _Clb3LogicCfgRegs

00003900      e4 (00003900)     _Clb3LogicCtrlRegs

00003a00      e8 (00003a00)     _Clb3DataExchRegs

00003c00      f0 (00003c00)     _Clb4LogicCfgRegs

00003d00      f4 (00003d00)     _Clb4LogicCtrlRegs

00003e00      f8 (00003e00)     _Clb4DataExchRegs

00004000     100 (00004000)     _EPwm1Regs

00004100     104 (00004100)     _EPwm2Regs

00004200     108 (00004200)     _EPwm3Regs

00004300     10c (00004300)     _EPwm4Regs

00004400     110 (00004400)     _EPwm5Regs

00004500     114 (00004500)     _EPwm6Regs

00004600     118 (00004600)     _EPwm7Regs

00004700     11c (00004700)     _EPwm8Regs

00004800     120 (00004800)     _EPwm9Regs

00004900     124 (00004900)     _EPwm10Regs

00004a00     128 (00004a00)     _EPwm11Regs

00004b00     12c (00004b00)     _EPwm12Regs

00005000     140 (00005000)     _ECap1Regs
00005020     140 (00005000)     _ECap2Regs

00005040     141 (00005040)     _ECap3Regs
00005060     141 (00005040)     _ECap4Regs

00005080     142 (00005080)     _ECap5Regs
000050a0     142 (00005080)     _ECap6Regs

00005100     144 (00005100)     _EQep1Regs

00005140     145 (00005140)     _EQep2Regs

00005180     146 (00005180)     _EQep3Regs

00005c00     170 (00005c00)     _DacaRegs
00005c10     170 (00005c00)     _DacbRegs
00005c20     170 (00005c00)     _DaccRegs

00005c80     172 (00005c80)     _Cmpss1Regs
00005ca0     172 (00005c80)     _Cmpss2Regs

00005cc0     173 (00005cc0)     _Cmpss3Regs
00005ce0     173 (00005cc0)     _Cmpss4Regs

00005d00     174 (00005d00)     _Cmpss5Regs
00005d20     174 (00005d00)     _Cmpss6Regs

00005d40     175 (00005d40)     _Cmpss7Regs
00005d60     175 (00005d40)     _Cmpss8Regs

00005e00     178 (00005e00)     _Sdfm1Regs

00005e80     17a (00005e80)     _Sdfm2Regs

00006000     180 (00006000)     _McbspaRegs

00006040     181 (00006040)     _McbspbRegs

00006100     184 (00006100)     _SpiaRegs
00006110     184 (00006100)     _SpibRegs
00006120     184 (00006100)     _SpicRegs

00006200     188 (00006200)     _UppRegs

00007000     1c0 (00007000)     _WdRegs

00007060     1c1 (00007040)     _NmiIntruptRegs
00007070     1c1 (00007040)     _XintRegs

00007200     1c8 (00007200)     _SciaRegs
00007210     1c8 (00007200)     _ScibRegs
00007220     1c8 (00007200)     _ScicRegs
00007230     1c8 (00007200)     _ScidRegs

00007300     1cc (00007300)     _I2caRegs

00007340     1cd (00007340)     _I2cbRegs

00007400     1d0 (00007400)     _AdcaRegs

00007480     1d2 (00007480)     _AdcbRegs

00007500     1d4 (00007500)     _AdccRegs

00007580     1d6 (00007580)     _AdcdRegs

00007900     1e4 (00007900)     _InputXbarRegs
00007920     1e4 (00007900)     _XbarRegs

00007940     1e5 (00007940)     _SyncSocRegs

00007980     1e6 (00007980)     _DmaClaSrcSelRegs

00007a00     1e8 (00007a00)     _EPwmXbarRegs

00007a40     1e9 (00007a40)     _ClbXbarRegs

00007a80     1ea (00007a80)     _OutputXbarRegs

00007c00     1f0 (00007c00)     _GpioCtrlRegs

00007f00     1fc (00007f00)     _GpioDataRegs

00008000     200 (00008000)     _stAdcSample

00008800     220 (00008800)     _stDcPwmCmpr
0000880a     220 (00008800)     _stOutputCtrl
0000881e     220 (00008800)     _stSampleCla

00008840     221 (00008840)     _stCtrlPiVout
00008858     221 (00008840)     _stCtrlPiIdc

00008880     222 (00008880)     _stCtrlPiPout
00008898     222 (00008880)     _stCtrlPiIdcDiff

000088c0     223 (000088c0)     _stSampleCalCla

00008900     224 (00008900)     _stSampleCal

00008970     225 (00008940)     _stSuper
0000897c     225 (00008940)     _u16_ClaTest

00008980     226 (00008980)     _stCtrlPiBus

0000d000     340 (0000d000)     _uwTranmitDataBuff

0000dfb4     37e (0000df80)     _ADC
0000dfbe     37e (0000df80)     __lock

0000dfc0     37f (0000dfc0)     _u16_CtrlLoopCnt
0000dfc1     37f (0000dfc0)     _i16_PeriodCnt
0000dfc2     37f (0000dfc0)     _u16_SampleCnt
0000dfc4     37f (0000dfc0)     _f32_Ts
0000dfc6     37f (0000dfc0)     _f32_DummyRes
0000dfc8     37f (0000dfc0)     _stPwmCmpr1
0000dfcb     37f (0000dfc0)     _stPwmCmpr2
0000dfce     37f (0000dfc0)     _stClarkGridVolt
0000dfd4     37f (0000dfc0)     _stClarkGridCurr1
0000dfda     37f (0000dfc0)     _stClarkGridCurr2
0000dfe0     37f (0000dfc0)     _stClarkGridCurr
0000dfe6     37f (0000dfc0)     _stClarkCapCurr
0000dfec     37f (0000dfc0)     _stSvPwm1

0000e000     380 (0000e000)     _stSvPwm2
0000e014     380 (0000e000)     _stDqPll

0000e040     381 (0000e040)     _stCtrlPiPll
0000e058     381 (0000e040)     _stCtrl2p2zAs1

0000e080     382 (0000e080)     _stCtrl2p2zBs1

0000e0c0     383 (0000e0c0)     _stCtrl2p2zAs2

0000e100     384 (0000e100)     _stCtrl2p2zBs2

0000e140     385 (0000e140)     _stCtrl2p2zZs2
0000e164     385 (0000e140)     _EPWM
0000e17e     385 (0000e140)     __unlock

0000e180     386 (0000e180)     _uControlData

0000e1c0     387 (0000e1c0)     _uStateData

0000e200     388 (0000e200)     _uOptionData

0000e258     389 (0000e240)     _stMeasure
0000e277     389 (0000e240)     _u16_test1
0000e278     389 (0000e240)     _mode
0000e279     389 (0000e240)     _CAN_recv_Master
0000e27a     389 (0000e240)     _CAN_send_cplt
0000e27c     389 (0000e240)     _msgID
0000e27e     389 (0000e240)     _device_id

0000e280     38a (0000e280)     _bUserDataBuf

0000e316     38c (0000e300)     _TRIP_SEL
0000e334     38c (0000e300)     _QList
0000e33e     38c (0000e300)     _pbCmdBuffer

0000e340     38d (0000e340)     _Task_Struct_Table

0000e3c0     38f (0000e3c0)     _f32_GraphIdTab

0000e424     390 (0000e400)     _CpuTimer0
0000e42c     390 (0000e400)     _CpuTimer1
0000e434     390 (0000e400)     _CpuTimer2
0000e43c     390 (0000e400)     _I2C

0000e440     391 (0000e440)     _i16_GraphIdTab

0000e4a4     392 (0000e480)     _bConoffCnt
0000e4a5     392 (0000e480)     _uwInterval
0000e4a6     392 (0000e480)     _uwInterval1
0000e4a7     392 (0000e480)     _uwTrigger
0000e4a8     392 (0000e480)     _uwTriggerSource
0000e4a9     392 (0000e480)     _uwTriggerWaiting
0000e4aa     392 (0000e480)     _uwSnatchDataCnt
0000e4ab     392 (0000e480)     _wBinaryMode
0000e4ac     392 (0000e480)     _bHighByte
0000e4ad     392 (0000e480)     _bLowByte
0000e4ae     392 (0000e480)     _bSendHighHalfByte
0000e4af     392 (0000e480)     _bSciDataTemp
0000e4b0     392 (0000e480)     _u16_MatlabGraphDataStart
0000e4b1     392 (0000e480)     _wscitasktest
0000e4b2     392 (0000e480)     _Gui_wSampleRate
0000e4b3     392 (0000e480)     _Gui_wSampleLength
0000e4b4     392 (0000e480)     _Gui_CH1_ID
0000e4b5     392 (0000e480)     _Gui_CH2_ID
0000e4b6     392 (0000e480)     _Gui_CH3_ID
0000e4b7     392 (0000e480)     _Gui_CH4_ID
0000e4b8     392 (0000e480)     _Gui_wLogEnable
0000e4b9     392 (0000e480)     _Gui_wLogStatus
0000e4ba     392 (0000e480)     _wDataLogCnt
0000e4bb     392 (0000e480)     _wDataLogPointer
0000e4bc     392 (0000e480)     _MCBSP

0000e4c0     393 (0000e4c0)     _bCommandBuffer
0000e4f2     393 (0000e4c0)     _ECAP

0000e500     394 (0000e500)     _bQueueBuffer
0000e532     394 (0000e500)     _SciList
0000e53c     394 (0000e500)     _SCI

0000e540     395 (0000e540)     _EQEP
0000e548     395 (0000e540)     _SPI
0000e550     395 (0000e540)     _userdata
0000e558     395 (0000e540)     _u16_inttest
0000e55a     395 (0000e540)     _timercnt
0000e55e     395 (0000e540)     _tempSensor_tempSlope
0000e560     395 (0000e540)     _tempSensor_tempOffset
0000e562     395 (0000e540)     _tempSensor_scaleFactor
0000e564     395 (0000e540)     _SDFM
0000e56a     395 (0000e540)     ___TI_enable_exit_profile_output
0000e56c     395 (0000e540)     ___TI_cleanup_ptr
0000e56e     395 (0000e540)     ___TI_dtors_ptr
0000e570     395 (0000e540)     _u16_test
0000e575     395 (0000e540)     _uwTaskInternalInit
0000e576     395 (0000e540)     _uwTaskRdyList
0000e577     395 (0000e540)     _uwTaskCurrPrio
0000e578     395 (0000e540)     _u16_TestTaskCnt
0000e579     395 (0000e540)     _u16_PwmTestOn
0000e57a     395 (0000e540)     _sizeaa
0000e57b     395 (0000e540)     _u16_debugtasktest
0000e57c     395 (0000e540)     _deviceOpen
0000e57d     395 (0000e540)     _u16_Tx2RxFlag
0000e57e     395 (0000e540)     _uwCommandLength

00047000    11c0 (00047000)     _Emif1Regs

00047800    11e0 (00047800)     _Emif2Regs

00048000    1200 (00048000)     _CanaRegs

0004a000    1280 (0004a000)     _CanbRegs

00050000    1400 (00050000)     _IpcRegs
00050024    1400 (00050000)     _FlashPumpSemaphoreRegs

0005d000    1740 (0005d000)     _DevCfgRegs

0005d180    1746 (0005d180)     _AnalogSubsysRegs

0005d200    1748 (0005d200)     _ClkCfgRegs

0005d300    174c (0005d300)     _CpuSysRegs

0005e608    1798 (0005e600)     _RomPrefetchRegs

0005f000    17c0 (0005f000)     _DcsmZ1Regs

0005f040    17c1 (0005f040)     _DcsmZ2Regs
0005f070    17c1 (0005f040)     _DcsmCommonRegs

0005f400    17d0 (0005f400)     _MemCfgRegs

0005f480    17d2 (0005f480)     _Emif1ConfigRegs
0005f4a0    17d2 (0005f480)     _Emif2ConfigRegs

0005f4c0    17d3 (0005f4c0)     _AccessProtectionRegs

0005f500    17d4 (0005f500)     _MemoryErrorRegs

0005f540    17d5 (0005f540)     _RomWaitStateRegs

0005f800    17e0 (0005f800)     _Flash0CtrlRegs

0005fb00    17ec (0005fb00)     _Flash0EccRegs

000703c0    1c0f (000703c0)     _UidRegs

00087948    21e5 (00087940)     _PieVectTableInit


GLOBAL SYMBOLS: SORTED ALPHABETICALLY BY Name 

page  address   name                                  
----  -------   ----                                  
0     00082000  .text                                 
0     000863ef  C$$EXIT                               
0     000860ce  FS$$DIV                               
0     000863c5  L$$DIV                                
0     000863d4  L$$MOD                                
0     000864e3  LL$$AND                               
0     000864a8  LL$$CMP                               
0     000864eb  LL$$OR                                
0     000864f3  LL$$XOR                               
0     0008650d  U$$DIV                                
0     00086512  U$$MOD                                
0     000863e2  UL$$DIV                               
0     000863e9  UL$$MOD                               
0     000864ba  ULL$$CMP                              
1     0000dfb4  _ADC                                  
0     00083387  _ADCA1_ISR                            
0     00083607  _ADCA2_ISR                            
0     00083611  _ADCA3_ISR                            
0     0008361b  _ADCA4_ISR                            
0     000835fd  _ADCA_EVT_ISR                         
0     00083391  _ADCB1_ISR                            
0     0008362f  _ADCB2_ISR                            
0     00083639  _ADCB3_ISR                            
0     00083643  _ADCB4_ISR                            
0     00083625  _ADCB_EVT_ISR                         
0     0008339b  _ADCC1_ISR                            
0     00083797  _ADCC2_ISR                            
0     000837a1  _ADCC3_ISR                            
0     000837ab  _ADCC4_ISR                            
0     0008378d  _ADCC_EVT_ISR                         
0     000833b9  _ADCD1_ISR                            
0     000837bf  _ADCD2_ISR                            
0     000837c9  _ADCD3_ISR                            
0     000837d3  _ADCD4_ISR                            
0     000837b5  _ADCD_EVT_ISR                         
0     0008380f  _AUX_PLL_SLIP_ISR                     
1     0005f4c0  _AccessProtectionRegs                 
0     00085cef  _AdcSetMode                           
1     00007400  _AdcaRegs                             
1     00000b00  _AdcaResultRegs                       
1     00007480  _AdcbRegs                             
1     00000b20  _AdcbResultRegs                       
1     00007500  _AdccRegs                             
1     00000b40  _AdccResultRegs                       
1     00007580  _AdcdRegs                             
1     00000b60  _AdcdResultRegs                       
1     0005d180  _AnalogSubsysRegs                     
0     00084634  _AuxAuxClkSel                         
0     0008461e  _AuxIntOsc2Sel                        
0     00084628  _AuxXtalOscSel                        
0     000835d5  _CANA0_ISR                            
0     000835df  _CANA1_ISR                            
0     000835e9  _CANB0_ISR                            
0     000835f3  _CANB1_ISR                            
0     00084706  _CAN_Init                             
0     00084775  _CAN_MultiREG_Master                  
0     0008494f  _CAN_SendData_Master                  
0     00084a86  _CAN_SendData_Slaver                  
0     000849d0  _CAN_SendReadData_Master              
0     00083e3e  _CAN_clearInterruptStatus             
0     00084180  _CAN_clearMessage                     
0     000841c4  _CAN_disableAllMessageObjects         
0     000841a2  _CAN_disableMessageObject             
0     00083db5  _CAN_initModule                       
0     000859a6  _CAN_loopback_test                    
0     000840b6  _CAN_readMessage                      
0     00084107  _CAN_readMessageWithID                
1     0000e279  _CAN_recv_Master                      
0     00083f24  _CAN_sendMessage                      
0     00083f6b  _CAN_sendMessage_16bit                
0     00083fb2  _CAN_sendMessage_32bit                
0     00083ff9  _CAN_sendMessage_updateDLC            
0     00084086  _CAN_sendRemoteRequestMessage         
1     0000e27a  _CAN_send_cplt                        
0     00083dc8  _CAN_setBitRate                       
0     00083e0c  _CAN_setBitTiming                     
0     00083e6c  _CAN_setupMessageObject               
0     0008413a  _CAN_transferMessage                  
0     0008364d  _CLA1_1_ISR                           
0     00083657  _CLA1_2_ISR                           
0     00083661  _CLA1_3_ISR                           
0     0008366b  _CLA1_4_ISR                           
0     00083675  _CLA1_5_ISR                           
0     0008367f  _CLA1_6_ISR                           
0     00083689  _CLA1_7_ISR                           
0     00083693  _CLA1_8_ISR                           
0     00083819  _CLA_OVERFLOW_ISR                     
0     00083823  _CLA_UNDERFLOW_ISR                    
0     00086041  _CLA_configClaMemory                  
0     00086086  _CLA_initCpu1Cla1                     
0     00085da5  _CalAdcINL                            
1     00048000  _CanaRegs                             
1     0004a000  _CanbRegs                             
1     00001400  _Cla1Regs                             
0     00009000  _Cla1Task1                            
0     000096e8  _Cla1Task2                            
0     000096f0  _Cla1Task3                            
0     000096f8  _Cla1Task4                            
0     00009700  _Cla1Task5                            
0     00009708  _Cla1Task6                            
0     00009710  _Cla1Task7                            
0     000096c4  _Cla1Task8                            
0     00087738  _Cla1funcsLoadEnd                     
abs   00000718  _Cla1funcsLoadSize                    
0     00087020  _Cla1funcsLoadStart                   
0     00009000  _Cla1funcsRunStart                    
1     00003200  _Clb1DataExchRegs                     
1     00003000  _Clb1LogicCfgRegs                     
1     00003100  _Clb1LogicCtrlRegs                    
1     00003600  _Clb2DataExchRegs                     
1     00003400  _Clb2LogicCfgRegs                     
1     00003500  _Clb2LogicCtrlRegs                    
1     00003a00  _Clb3DataExchRegs                     
1     00003800  _Clb3LogicCfgRegs                     
1     00003900  _Clb3LogicCtrlRegs                    
1     00003e00  _Clb4DataExchRegs                     
1     00003c00  _Clb4LogicCfgRegs                     
1     00003d00  _Clb4LogicCtrlRegs                    
1     00007a40  _ClbXbarRegs                          
1     0005d200  _ClkCfgRegs                           
1     00005c80  _Cmpss1Regs                           
1     00005ca0  _Cmpss2Regs                           
1     00005cc0  _Cmpss3Regs                           
1     00005ce0  _Cmpss4Regs                           
1     00005d00  _Cmpss5Regs                           
1     00005d20  _Cmpss6Regs                           
1     00005d40  _Cmpss7Regs                           
1     00005d60  _Cmpss8Regs                           
0     00084688  _ConfigureTMXAnalogTrim               
1     0005d300  _CpuSysRegs                           
1     0000e424  _CpuTimer0                            
1     00000c00  _CpuTimer0Regs                        
1     0000e42c  _CpuTimer1                            
1     00000c08  _CpuTimer1Regs                        
1     0000e434  _CpuTimer2                            
1     00000c10  _CpuTimer2Regs                        
0     000845c9  _CsmUnlock                            
0     000832dd  _DATALOG_ISR                          
0     00083521  _DMA_CH1_ISR                          
0     0008352b  _DMA_CH2_ISR                          
0     00083535  _DMA_CH3_ISR                          
0     0008353f  _DMA_CH4_ISR                          
0     00083549  _DMA_CH5_ISR                          
0     00083553  _DMA_CH6_ISR                          
1     00005c00  _DacaRegs                             
1     00005c10  _DacbRegs                             
1     00005c20  _DaccRegs                             
1     0005f070  _DcsmCommonRegs                       
1     0005f000  _DcsmZ1Regs                           
1     0005f040  _DcsmZ2Regs                           
1     0005d000  _DevCfgRegs                           
0     000842dd  _DisableDog                           
0     0008429e  _DisablePeripheralClocks              
1     00007980  _DmaClaSrcSelRegs                     
1     00001000  _DmaRegs                              
1     0000e4f2  _ECAP                                 
0     00083477  _ECAP1_ISR                            
0     00083481  _ECAP2_ISR                            
0     0008348b  _ECAP3_ISR                            
0     00083495  _ECAP4_ISR                            
0     0008349f  _ECAP5_ISR                            
0     000834a9  _ECAP6_ISR                            
1     00005000  _ECap1Regs                            
1     00005020  _ECap2Regs                            
1     00005040  _ECap3Regs                            
1     00005060  _ECap4Regs                            
1     00005080  _ECap5Regs                            
1     000050a0  _ECap6Regs                            
0     000837dd  _EMIF_ERROR_ISR                       
0     00083837  _EMPTY_ISR                            
0     000832f1  _EMU_ISR                              
1     0000e164  _EPWM                                 
0     00083733  _EPWM10_ISR                           
0     0008370b  _EPWM10_TZ_ISR                        
0     0008373d  _EPWM11_ISR                           
0     00083715  _EPWM11_TZ_ISR                        
0     00083747  _EPWM12_ISR                           
0     0008371f  _EPWM12_TZ_ISR                        
0     00083427  _EPWM1_ISR                            
0     000833d7  _EPWM1_TZ_ISR                         
0     00083431  _EPWM2_ISR                            
0     000833e1  _EPWM2_TZ_ISR                         
0     0008343b  _EPWM3_ISR                            
0     000833eb  _EPWM3_TZ_ISR                         
0     00083445  _EPWM4_ISR                            
0     000833f5  _EPWM4_TZ_ISR                         
0     0008344f  _EPWM5_ISR                            
0     000833ff  _EPWM5_TZ_ISR                         
0     00083459  _EPWM6_ISR                            
0     00083409  _EPWM6_TZ_ISR                         
0     00083463  _EPWM7_ISR                            
0     00083413  _EPWM7_TZ_ISR                         
0     0008346d  _EPWM8_ISR                            
0     0008341d  _EPWM8_TZ_ISR                         
0     00083729  _EPWM9_ISR                            
0     00083701  _EPWM9_TZ_ISR                         
1     00004900  _EPwm10Regs                           
1     00004a00  _EPwm11Regs                           
1     00004b00  _EPwm12Regs                           
1     00004000  _EPwm1Regs                            
1     00004100  _EPwm2Regs                            
1     00004200  _EPwm3Regs                            
1     00004300  _EPwm4Regs                            
1     00004400  _EPwm5Regs                            
1     00004500  _EPwm6Regs                            
1     00004600  _EPwm7Regs                            
1     00004700  _EPwm8Regs                            
1     00004800  _EPwm9Regs                            
1     00007a00  _EPwmXbarRegs                         
1     0000e540  _EQEP                                 
0     000834b3  _EQEP1_ISR                            
0     000834bd  _EQEP2_ISR                            
0     000834c7  _EQEP3_ISR                            
1     00005100  _EQep1Regs                            
1     00005140  _EQep2Regs                            
1     00005180  _EQep3Regs                            
1     0005f480  _Emif1ConfigRegs                      
1     00047000  _Emif1Regs                            
1     0005f4a0  _Emif2ConfigRegs                      
1     00047800  _Emif2Regs                            
0     00086437  _EnableInterrupts                     
0     00017ae5  _F28x_usDelay                         
0     000837f1  _FLASH_CORRECTABLE_ERROR_ISR          
0     000836c5  _FPU_OVERFLOW_ISR                     
0     000836cf  _FPU_UNDERFLOW_ISR                    
1     0005f800  _Flash0CtrlRegs                       
1     0005fb00  _Flash0EccRegs                        
0     00017aa5  _FlashOff                             
1     00050024  _FlashPumpSemaphoreRegs               
0     00084feb  _GPIO_EnableUnbondedIOPullups         
0     00084fc6  _GPIO_EnableUnbondedIOPullupsFor100Pin
0     00084fad  _GPIO_EnableUnbondedIOPullupsFor176Pin
0     00085001  _GPIO_ReadPin                         
0     00084f52  _GPIO_SetupLock                       
0     00084e32  _GPIO_SetupPinMux                     
0     00084ebe  _GPIO_SetupPinOptions                 
0     00084f7b  _GPIO_SetupXINT1Gpio                  
0     00084f85  _GPIO_SetupXINT2Gpio                  
0     00084f8f  _GPIO_SetupXINT3Gpio                  
0     00084f99  _GPIO_SetupXINT4Gpio                  
0     00084fa3  _GPIO_SetupXINT5Gpio                  
0     00085018  _GPIO_WritePin                        
0     00085474  _GPIO_getDirectionMode                
0     000854fd  _GPIO_getPadConfig                    
0     0008555d  _GPIO_getQualificationMode            
0     000855cc  _GPIO_setAnalogMode                   
0     000855a0  _GPIO_setControllerCore               
0     0008544d  _GPIO_setDirectionMode                
0     0008548a  _GPIO_setInterruptPin                 
0     000854b5  _GPIO_setPadConfig                    
0     000855f4  _GPIO_setPinConfig                    
0     00085531  _GPIO_setQualificationMode            
0     0008557e  _GPIO_setQualificationPeriod          
0     00082aff  _GetCheckSum                          
1     00007c00  _GpioCtrlRegs                         
1     00007f00  _GpioDataRegs                         
1     0000e4b4  _Gui_CH1_ID                           
1     0000e4b5  _Gui_CH2_ID                           
1     0000e4b6  _Gui_CH3_ID                           
1     0000e4b7  _Gui_CH4_ID                           
1     0000e4b8  _Gui_wLogEnable                       
1     0000e4b9  _Gui_wLogStatus                       
1     0000e4b3  _Gui_wSampleLength                    
1     0000e4b2  _Gui_wSampleRate                      
0     00084652  _HALT                                 
0     0008466b  _HIB                                  
1     0000e43c  _I2C                                  
0     00083567  _I2CA_FIFO_ISR                        
0     0008355d  _I2CA_ISR                             
0     0008357b  _I2CB_FIFO_ISR                        
0     00083571  _I2CB_ISR                             
1     00007300  _I2caRegs                             
1     00007340  _I2cbRegs                             
0     0008463e  _IDLE                                 
0     00083305  _ILLEGAL_ISR                          
0     000836d9  _IPC0_ISR                             
0     000836e3  _IPC1_ISR                             
0     000836ed  _IPC2_ISR                             
0     000836f7  _IPC3_ISR                             
0     000844da  _InitAuxPll                           
0     00017a7c  _InitFlash                            
0     00084df2  _InitGpio                             
0     0008421a  _InitPeripheralClocks                 
0     00086418  _InitPieCtrl                          
0     00086440  _InitPieVectTable                     
0     000841f1  _InitSysCtrl                          
0     000842eb  _InitSysPll                           
1     00007900  _InputXbarRegs                        
0     0008639b  _Interrupt_defaultHandler             
0     0008591c  _Interrupt_disable                    
0     000858e5  _Interrupt_enable                     
0     000863b1  _Interrupt_illegalOperationHandler    
0     0008588a  _Interrupt_initModule                 
0     000858c7  _Interrupt_initVectorTable            
0     000863bb  _Interrupt_nmiHandler                 
1     00050000  _IpcRegs                              
1     0000e4bc  _MCBSP                                
0     000834f9  _MCBSPA_RX_ISR                        
0     00083503  _MCBSPA_TX_ISR                        
0     0008350d  _MCBSPB_RX_ISR                        
0     00083517  _MCBSPB_TX_ISR                        
1     00006000  _McbspaRegs                           
1     00006040  _McbspbRegs                           
1     0005f400  _MemCfgRegs                           
1     0005f500  _MemoryErrorRegs                      
0     00085ddf  _Modbus_Master                        
0     00085de6  _Modbus_Slaver                        
0     000832fb  _NMI_ISR                              
0     00083844  _NOTUSED_ISR                          
1     00007060  _NmiIntruptRegs                       
1     00007a80  _OutputXbarRegs                       
0     0008382d  _PIE_RESERVED_ISR                     
1     00000ce0  _PieCtrlRegs                          
1     00000d00  _PieVectTable                         
0     00087948  _PieVectTableInit                     
1     0000e334  _QList                                
0     000837fb  _RAM_ACCESS_VIOLATION_ISR             
0     000837e7  _RAM_CORRECTABLE_ERROR_ISR            
0     000832e7  _RTOS_ISR                             
0     0008701d  _RamfuncsLoadEnd                      
abs   00000aed  _RamfuncsLoadSize                     
0     00086530  _RamfuncsLoadStart                    
0     00017aed  _RamfuncsRunEnd                       
abs   00000aed  _RamfuncsRunSize                      
0     00017000  _RamfuncsRunStart                     
0     000842c5  _ReleaseFlashPump                     
1     0005e608  _RomPrefetchRegs                      
1     0005f540  _RomWaitStateRegs                     
1     0000e53c  _SCI                                  
0     000835ad  _SCIA_RX_ISR                          
0     000835b7  _SCIA_TX_ISR                          
0     000835c1  _SCIB_RX_ISR                          
0     000835cb  _SCIB_TX_ISR                          
0     00083585  _SCIC_RX_ISR                          
0     0008358f  _SCIC_TX_ISR                          
0     00083599  _SCID_RX_ISR                          
0     000835a3  _SCID_TX_ISR                          
0     00083751  _SD1_ISR                              
0     0008375b  _SD2_ISR                              
1     0000e564  _SDFM                                 
1     0000e548  _SPI                                  
0     000834d1  _SPIA_RX_ISR                          
0     000834db  _SPIA_TX_ISR                          
0     000834e5  _SPIB_RX_ISR                          
0     000834ef  _SPIB_TX_ISR                          
0     00083765  _SPIC_RX_ISR                          
0     0008376f  _SPIC_TX_ISR                          
0     00084647  _STANDBY                              
0     00083805  _SYS_PLL_SLIP_ISR                     
1     0000e532  _SciList                              
1     00007200  _SciaRegs                             
1     00007210  _ScibRegs                             
1     00007220  _ScicRegs                             
1     00007230  _ScidRegs                             
1     00005e00  _Sdfm1Regs                            
1     00005e80  _Sdfm2Regs                            
0     000842b6  _SeizeFlashPump                       
0     000842cf  _ServiceDog                           
0     00086529  _SetDBGIER                            
0     00084845  _Slaver_command_deal                  
1     00006100  _SpiaRegs                             
1     00006110  _SpibRegs                             
1     00006120  _SpicRegs                             
1     00007940  _SyncSocRegs                          
0     00017ae9  _SysCtl_delay                         
0     000845ea  _SysIntOsc1Sel                        
0     000845fa  _SysIntOsc2Sel                        
0     0008460e  _SysXtalOscSel                        
0     000833c3  _TIMER0_ISR                           
0     000832c9  _TIMER1_ISR                           
0     000832d3  _TIMER2_ISR                           
1     0000e316  _TRIP_SEL                             
1     0000e340  _Task_Struct_Table                    
0     00083779  _UPPA_ISR                             
0     00083783  _USBA_ISR                             
0     00083369  _USER10_ISR                           
0     00083373  _USER11_ISR                           
0     0008337d  _USER12_ISR                           
0     0008330f  _USER1_ISR                            
0     00083319  _USER2_ISR                            
0     00083323  _USER3_ISR                            
0     0008332d  _USER4_ISR                            
0     00083337  _USER5_ISR                            
0     00083341  _USER6_ISR                            
0     0008334b  _USER7_ISR                            
0     00083355  _USER8_ISR                            
0     0008335f  _USER9_ISR                            
1     000703c0  _UidRegs                              
1     00006200  _UppRegs                              
0     000836bb  _VCU_ISR                              
0     000833cd  _WAKE_ISR                             
1     00007000  _WdRegs                               
0     000833a5  _XINT1_ISR                            
0     000833af  _XINT2_ISR                            
0     0008369d  _XINT3_ISR                            
0     000836a7  _XINT4_ISR                            
0     000836b1  _XINT5_ISR                            
1     00007920  _XbarRegs                             
1     00007070  _XintRegs                             
1     000007f8  __STACK_END                           
abs   000003f8  __STACK_SIZE                          
1     0000e56c  ___TI_cleanup_ptr                     
1     0000e56e  ___TI_dtors_ptr                       
1     0000e56a  ___TI_enable_exit_profile_output      
abs   ffffffff  ___TI_pprof_out_hndl                  
abs   ffffffff  ___TI_prof_data_size                  
abs   ffffffff  ___TI_prof_data_start                 
abs   ffffffff  ___binit__                            
abs   ffffffff  ___c_args__                           
0     00087738  ___cinit__                            
0     0008652f  ___etext__                            
abs   ffffffff  ___pinit__                            
0     00082000  ___text__                             
0     000864fb  __args_main                           
1     0000dfbe  __lock                                
0     00086520  __nop                                 
0     0008651c  __register_lock                       
0     00086518  __register_unlock                     
1     00000400  __stack                               
0     0008652e  __system_post_cinit                   
0     0008652c  __system_pre_init                     
1     0000e17e  __unlock                              
0     000863ef  _abort                                
1     0000e4c0  _bCommandBuffer                       
1     0000e4a4  _bConoffCnt                           
1     0000e4ac  _bHighByte                            
1     0000e4ad  _bLowByte                             
[...]
0     00084688  _ConfigureTMXAnalogTrim               
0     00084701  _getTimeMS                            
0     00084706  _CAN_Init                             
0     00084775  _CAN_MultiREG_Master                  
0     00084845  _Slaver_command_deal                  
0     0008494f  _CAN_SendData_Master                  
0     000849d0  _CAN_SendReadData_Master              
0     00084a86  _CAN_SendData_Slaver                  
0     00084b03  _sCmpssInit                           
0     00084df2  _InitGpio                             
0     00084e32  _GPIO_SetupPinMux                     
0     00084ebe  _GPIO_SetupPinOptions                 
0     00084f52  _GPIO_SetupLock                       
0     00084f7b  _GPIO_SetupXINT1Gpio                  
0     00084f85  _GPIO_SetupXINT2Gpio                  
0     00084f8f  _GPIO_SetupXINT3Gpio                  
0     00084f99  _GPIO_SetupXINT4Gpio                  
0     00084fa3  _GPIO_SetupXINT5Gpio                  
0     00084fad  _GPIO_EnableUnbondedIOPullupsFor176Pin
0     00084fc6  _GPIO_EnableUnbondedIOPullupsFor100Pin
0     00084feb  _GPIO_EnableUnbondedIOPullups         
0     00085001  _GPIO_ReadPin                         
0     00085018  _GPIO_WritePin                        
0     00085036  _sSuperTaskInit                       
0     00085045  _sSuperTask                           
0     00085071  _sPowerOnMode                         
0     000850c6  _sStandbyMode                         
0     0008513c  _sSoftStartMode                       
0     00085186  _sCCMode                              
0     000851c9  _sCVMode                              
0     000851e4  _sCPMode                              
0     000851ff  _sFaultMode                           
0     00085208  _sAllPWMOff                           
0     00085242  _sPfcControllerInit                   
0     000853e4  _sPfcControllerReset                  
0     0008544d  _GPIO_setDirectionMode                
0     00085474  _GPIO_getDirectionMode                
0     0008548a  _GPIO_setInterruptPin                 
0     000854b5  _GPIO_setPadConfig                    
0     000854fd  _GPIO_getPadConfig                    
0     00085531  _GPIO_setQualificationMode            
0     0008555d  _GPIO_getQualificationMode            
0     0008557e  _GPIO_setQualificationPeriod          
0     000855a0  _GPIO_setControllerCore               
0     000855cc  _GPIO_setAnalogMode                   
0     000855f4  _GPIO_setPinConfig                    
0     0008562b  _sMeasureTask                         
0     00085645  _sAcMeasureCalculation                
0     0008578f  _sDcMeasureCalculation                
0     0008588a  _Interrupt_initModule                 
0     000858c7  _Interrupt_initVectorTable            
0     000858e5  _Interrupt_enable                     
0     0008591c  _Interrupt_disable                    
0     0008596a  _main                                 
0     000859a6  _CAN_loopback_test                    
0     00085a17  _sDataInit                            
0     00085a1c  _sSysTaskInit                         
0     00085a21  _sOnboardLedTask                      
0     00085aa2  _sShareDataInit                       
0     00085b9e  _sDcControllerReset                   
0     00085bd8  _sGpioInit                            
0     00085cef  _AdcSetMode                           
0     00085da5  _CalAdcINL                            
0     00085ddf  _Modbus_Master                        
0     00085de6  _Modbus_Slaver                        
0     00085ded  _read_REG                             
0     00085e42  _write_REG                            
0     00085e8f  _conctrl_scan                         
0     00085ea5  _conctrl_command_deal                 
0     00085ec9  _sRTOSInit                            
0     00085f08  _sRTOSTaskDefault                     
0     00085f0b  _sRTOSTaskCreate                      
0     00085f42  _sRTOSTaskStart                       
0     00085f58  _sRTOSFindHighPrioRdyTask             
0     00085f7f  _sRTOSPendTask                        
0     00085f8d  _sRTOSRdyTask                         
0     00085f9a  _sRTOSIdleTask                        
0     00085f9b  _canISR                               
0     00086041  _CLA_configClaMemory                  
0     00086086  _CLA_initCpu1Cla1                     
0     000860ce  FS$$DIV                               
0     00086156  _sADCD1_isr                           
0     0008616b  _sSciaRxIsr                           
0     000861a9  _sSciaTxIsr                           
0     000861db  _cla1Isr1                             
0     000861f3  _cla1Isr2                             
0     00086202  _cla1Isr3                             
0     00086211  _cla1Isr4                             
0     00086220  _cla1Isr5                             
0     0008622f  _cla1Isr6                             
0     0008623e  _cla1Isr7                             
0     0008624d  _cla1Isr8                             
0     0008625e  _sRTOSEventSend                       
0     00086281  _sRTOSEventSendIsr                    
0     000862a1  _suwRTOSGetEvent                      
0     000862b9  _sRTOSEventMask                       
0     000862d7  _sMcuInitial                          
0     000862f1  _sCpuTimerInit                        
0     000862fb  _sInitScia                            
0     0008631d  _sEnableINT                           
0     00086345  _c_int00                              
0     0008639b  _Interrupt_defaultHandler             
0     000863b1  _Interrupt_illegalOperationHandler    
0     000863bb  _Interrupt_nmiHandler                 
0     000863c5  L$$DIV                                
0     000863d4  L$$MOD                                
0     000863e2  UL$$DIV                               
0     000863e9  UL$$MOD                               
0     000863ef  C$$EXIT                               
0     000863ef  _abort                                
0     000863f1  _exit                                 
0     00086418  _InitPieCtrl                          
0     00086437  _EnableInterrupts                     
0     00086440  _InitPieVectTable                     
0     00086466  _copy_in                              
0     0008648a  _sDebugTaskInit                       
0     00086491  _sDebugTask                           
0     000864a8  LL$$CMP                               
0     000864ba  ULL$$CMP                              
0     000864c6  _memcpy                               
0     000864e3  LL$$AND                               
0     000864eb  LL$$OR                                
0     000864f3  LL$$XOR                               
0     000864fb  __args_main                           
0     0008650d  U$$DIV                                
0     00086512  U$$MOD                                
0     00086518  __register_unlock                     
0     0008651c  __register_lock                       
0     00086520  __nop                                 
0     00086529  _SetDBGIER                            
0     0008652c  __system_pre_init                     
0     0008652e  __system_post_cinit                   
0     0008652f  ___etext__                            
0     0008652f  etext                                 
0     00086530  _RamfuncsLoadStart                    
0     0008701d  _RamfuncsLoadEnd                      
0     00087020  _Cla1funcsLoadStart                   
0     00087738  _Cla1funcsLoadEnd                     
0     00087738  ___cinit__                            
0     00087738  cinit                                 
0     00087948  _PieVectTableInit                     
1     00000400  __stack                               
1     000007f8  __STACK_END                           
1     00000b00  _AdcaResultRegs                       
1     00000b20  _AdcbResultRegs                       
1     00000b40  _AdccResultRegs                       
1     00000b60  _AdcdResultRegs                       
1     00000c00  _CpuTimer0Regs                        
1     00000c08  _CpuTimer1Regs                        
1     00000c10  _CpuTimer2Regs                        
1     00000ce0  _PieCtrlRegs                          
1     00000d00  _PieVectTable                         
1     00001000  _DmaRegs                              
1     00001400  _Cla1Regs                             
1     00003000  _Clb1LogicCfgRegs                     
1     00003100  _Clb1LogicCtrlRegs                    
1     00003200  _Clb1DataExchRegs                     
1     00003400  _Clb2LogicCfgRegs                     
1     00003500  _Clb2LogicCtrlRegs                    
1     00003600  _Clb2DataExchRegs                     
1     00003800  _Clb3LogicCfgRegs                     
1     00003900  _Clb3LogicCtrlRegs                    
1     00003a00  _Clb3DataExchRegs                     
1     00003c00  _Clb4LogicCfgRegs                     
1     00003d00  _Clb4LogicCtrlRegs                    
1     00003e00  _Clb4DataExchRegs                     
1     00004000  _EPwm1Regs                            
1     00004100  _EPwm2Regs                            
1     00004200  _EPwm3Regs                            
1     00004300  _EPwm4Regs                            
1     00004400  _EPwm5Regs                            
1     00004500  _EPwm6Regs                            
1     00004600  _EPwm7Regs                            
1     00004700  _EPwm8Regs                            
1     00004800  _EPwm9Regs                            
1     00004900  _EPwm10Regs                           
1     00004a00  _EPwm11Regs                           
1     00004b00  _EPwm12Regs                           
1     00005000  _ECap1Regs                            
1     00005020  _ECap2Regs                            
1     00005040  _ECap3Regs                            
1     00005060  _ECap4Regs                            
1     00005080  _ECap5Regs                            
1     000050a0  _ECap6Regs                            
1     00005100  _EQep1Regs                            
1     00005140  _EQep2Regs                            
1     00005180  _EQep3Regs                            
1     00005c00  _DacaRegs                             
1     00005c10  _DacbRegs                             
1     00005c20  _DaccRegs                             
1     00005c80  _Cmpss1Regs                           
1     00005ca0  _Cmpss2Regs                           
1     00005cc0  _Cmpss3Regs                           
1     00005ce0  _Cmpss4Regs                           
1     00005d00  _Cmpss5Regs                           
1     00005d20  _Cmpss6Regs                           
1     00005d40  _Cmpss7Regs                           
1     00005d60  _Cmpss8Regs                           
1     00005e00  _Sdfm1Regs                            
1     00005e80  _Sdfm2Regs                            
1     00006000  _McbspaRegs                           
1     00006040  _McbspbRegs                           
1     00006100  _SpiaRegs                             
1     00006110  _SpibRegs                             
1     00006120  _SpicRegs                             
1     00006200  _UppRegs                              
1     00007000  _WdRegs                               
1     00007060  _NmiIntruptRegs                       
1     00007070  _XintRegs                             
1     00007200  _SciaRegs                             
1     00007210  _ScibRegs                             
1     00007220  _ScicRegs                             
1     00007230  _ScidRegs                             
1     00007300  _I2caRegs                             
1     00007340  _I2cbRegs                             
1     00007400  _AdcaRegs                             
1     00007480  _AdcbRegs                             
1     00007500  _AdccRegs                             
1     00007580  _AdcdRegs                             
1     00007900  _InputXbarRegs                        
1     00007920  _XbarRegs                             
1     00007940  _SyncSocRegs                          
1     00007980  _DmaClaSrcSelRegs                     
1     00007a00  _EPwmXbarRegs                         
1     00007a40  _ClbXbarRegs                          
1     00007a80  _OutputXbarRegs                       
1     00007c00  _GpioCtrlRegs                         
1     00007f00  _GpioDataRegs                         
1     0000d000  _uwTranmitDataBuff                    
1     0000dfb4  _ADC                                  
1     0000dfbe  __lock                                
1     0000dfc0  _u16_CtrlLoopCnt                      
1     0000dfc1  _i16_PeriodCnt                        
1     0000dfc2  _u16_SampleCnt                        
1     0000dfc4  _f32_Ts                               
1     0000dfc6  _f32_DummyRes                         
1     0000dfc8  _stPwmCmpr1                           
1     0000dfcb  _stPwmCmpr2                           
1     0000dfce  _stClarkGridVolt                      
1     0000dfd4  _stClarkGridCurr1                     
1     0000dfda  _stClarkGridCurr2                     
1     0000dfe0  _stClarkGridCurr                      
1     0000dfe6  _stClarkCapCurr                       
1     0000dfec  _stSvPwm1                             
1     0000e000  _stSvPwm2                             
1     0000e014  _stDqPll                              
1     0000e040  _stCtrlPiPll                          
1     0000e058  _stCtrl2p2zAs1                        
1     0000e080  _stCtrl2p2zBs1                        
1     0000e0c0  _stCtrl2p2zAs2                        
1     0000e100  _stCtrl2p2zBs2                        
1     0000e140  _stCtrl2p2zZs2                        
1     0000e164  _EPWM                                 
1     0000e17e  __unlock                              
1     0000e180  _uControlData                         
1     0000e1c0  _uStateData                           
1     0000e200  _uOptionData                          
1     0000e258  _stMeasure                            
1     0000e277  _u16_test1                            
1     0000e278  _mode                                 
1     0000e279  _CAN_recv_Master                      
1     0000e27a  _CAN_send_cplt                        
1     0000e27c  _msgID                                
1     0000e27e  _device_id                            
1     0000e280  _bUserDataBuf                         
1     0000e316  _TRIP_SEL                             
1     0000e334  _QList                                
1     0000e33e  _pbCmdBuffer                          
1     0000e340  _Task_Struct_Table                    
1     0000e3c0  _f32_GraphIdTab                       
1     0000e424  _CpuTimer0                            
1     0000e42c  _CpuTimer1                            
1     0000e434  _CpuTimer2                            
1     0000e43c  _I2C                                  
1     0000e440  _i16_GraphIdTab                       
1     0000e4a4  _bConoffCnt                           
1     0000e4a5  _uwInterval                           
1     0000e4a6  _uwInterval1                          
1     0000e4a7  _uwTrigger                            
1     0000e4a8  _uwTriggerSource                      
1     0000e4a9  _uwTriggerWaiting                     
1     0000e4aa  _uwSnatchDataCnt                      
1     0000e4ab  _wBinaryMode                          
1     0000e4ac  _bHighByte                            
1     0000e4ad  _bLowByte                             
1     0000e4ae  _bSendHighHalfByte                    
1     0000e4af  _bSciDataTemp                         
1     0000e4b0  _u16_MatlabGraphDataStart             
1     0000e4b1  _wscitasktest                         
1     0000e4b2  _Gui_wSampleRate                      
1     0000e4b3  _Gui_wSampleLength                    
1     0000e4b4  _Gui_CH1_ID                           
1     0000e4b5  _Gui_CH2_ID                           
1     0000e4b6  _Gui_CH3_ID                           
1     0000e4b7  _Gui_CH4_ID                           
1     0000e4b8  _Gui_wLogEnable                       
1     0000e4b9  _Gui_wLogStatus                       
1     0000e4ba  _wDataLogCnt                          
1     0000e4bb  _wDataLogPointer                      
1     0000e4bc  _MCBSP                                
1     0000e4c0  _bCommandBuffer                       
1     0000e4f2  _ECAP                                 
1     0000e500  _bQueueBuffer                         
1     0000e532  _SciList                              
1     0000e53c  _SCI                                  
1     0000e540  _EQEP                                 
1     0000e548  _SPI                                  
1     0000e550  _userdata                             
1     0000e558  _u16_inttest                          
1     0000e55a  _timercnt                             
1     0000e55e  _tempSensor_tempSlope                 
1     0000e560  _tempSensor_tempOffset                
1     0000e562  _tempSensor_scaleFactor               
1     0000e564  _SDFM                                 
1     0000e56a  ___TI_enable_exit_profile_output      
1     0000e56c  ___TI_cleanup_ptr                     
1     0000e56e  ___TI_dtors_ptr                       
1     0000e570  _u16_test                             
1     0000e575  _uwTaskInternalInit                   
1     0000e576  _uwTaskRdyList                        
1     0000e577  _uwTaskCurrPrio                       
1     0000e578  _u16_TestTaskCnt                      
1     0000e579  _u16_PwmTestOn                        
1     0000e57a  _sizeaa                               
1     0000e57b  _u16_debugtasktest                    
1     0000e57c  _deviceOpen                           
1     0000e57d  _u16_Tx2RxFlag                        
1     0000e57e  _uwCommandLength                      
1     00047000  _Emif1Regs                            
1     00047800  _Emif2Regs                            
1     00048000  _CanaRegs                             
1     0004a000  _CanbRegs                             
1     00050000  _IpcRegs                              
1     00050024  _FlashPumpSemaphoreRegs               
1     0005d000  _DevCfgRegs                           
1     0005d180  _AnalogSubsysRegs                     
1     0005d200  _ClkCfgRegs                           
1     0005d300  _CpuSysRegs                           
1     0005e608  _RomPrefetchRegs                      
1     0005f000  _DcsmZ1Regs                           
1     0005f040  _DcsmZ2Regs                           
1     0005f070  _DcsmCommonRegs                       
1     0005f400  _MemCfgRegs                           
1     0005f480  _Emif1ConfigRegs                      
1     0005f4a0  _Emif2ConfigRegs                      
1     0005f4c0  _AccessProtectionRegs                 
1     0005f500  _MemoryErrorRegs                      
1     0005f540  _RomWaitStateRegs                     
1     0005f800  _Flash0CtrlRegs                       
1     0005fb00  _Flash0EccRegs                        
1     000703c0  _UidRegs                              
abs   000003f8  __STACK_SIZE                          
abs   00000718  _Cla1funcsLoadSize                    
abs   00000aed  _RamfuncsLoadSize                     
abs   00000aed  _RamfuncsRunSize                      
abs   ffffffff  ___TI_pprof_out_hndl                  
abs   ffffffff  ___TI_prof_data_size                  
abs   ffffffff  ___TI_prof_data_start                 
abs   ffffffff  ___binit__                            
abs   ffffffff  ___c_args__                           
abs   ffffffff  ___pinit__                            
abs   ffffffff  binit                                 
abs   ffffffff  pinit                                 

[658 symbols]
