<?xml version="1.0" encoding="ISO-8859-1" ?>
<link_info>
   <banner>TMS320C2000 Linker PC v22.6.0.LTS</banner>
   <copyright>Copyright (c) 1996-2018 Texas Instruments Incorporated</copyright>
   <link_time>0x672779f7</link_time>
   <link_errors>0x0</link_errors>
   <output_file>28379D_CPU1.out</output_file>
   <entry_point>
      <name>code_start</name>
      <address>0x80000</address>
   </entry_point>
   <input_file_list>
      <input_file id="fl-2">
         <path>.\App\</path>
         <kind>object</kind>
         <file>DebugTask.obj</file>
         <name>DebugTask.obj</name>
      </input_file>
      <input_file id="fl-3">
         <path>.\App\</path>
         <kind>object</kind>
         <file>Initial.obj</file>
         <name>Initial.obj</name>
      </input_file>
      <input_file id="fl-4">
         <path>.\App\</path>
         <kind>object</kind>
         <file>Interrupt.obj</file>
         <name>Interrupt.obj</name>
      </input_file>
      <input_file id="fl-5">
         <path>.\App\</path>
         <kind>object</kind>
         <file>MeasureTask.obj</file>
         <name>MeasureTask.obj</name>
      </input_file>
      <input_file id="fl-6">
         <path>.\App\</path>
         <kind>object</kind>
         <file>SuperTask.obj</file>
         <name>SuperTask.obj</name>
      </input_file>
      <input_file id="fl-7">
         <path>.\App\</path>
         <kind>object</kind>
         <file>main.obj</file>
         <name>main.obj</name>
      </input_file>
      <input_file id="fl-8">
         <path>.\Cpu\BitField\Common\source\</path>
         <kind>object</kind>
         <file>F2837xD_Adc.obj</file>
         <name>F2837xD_Adc.obj</name>
      </input_file>
      <input_file id="fl-9">
         <path>.\Cpu\BitField\Common\source\</path>
         <kind>object</kind>
         <file>F2837xD_CodeStartBranch.obj</file>
         <name>F2837xD_CodeStartBranch.obj</name>
      </input_file>
      <input_file id="fl-a">
         <path>.\Cpu\BitField\Common\source\</path>
         <kind>object</kind>
         <file>F2837xD_CpuTimers.obj</file>
         <name>F2837xD_CpuTimers.obj</name>
      </input_file>
      <input_file id="fl-b">
         <path>.\Cpu\BitField\Common\source\</path>
         <kind>object</kind>
         <file>F2837xD_DBGIER.obj</file>
         <name>F2837xD_DBGIER.obj</name>
      </input_file>
      <input_file id="fl-c">
         <path>.\Cpu\BitField\Common\source\</path>
         <kind>object</kind>
         <file>F2837xD_DefaultISR.obj</file>
         <name>F2837xD_DefaultISR.obj</name>
      </input_file>
      <input_file id="fl-d">
         <path>.\Cpu\BitField\Common\source\</path>
         <kind>object</kind>
         <file>F2837xD_Dma.obj</file>
         <name>F2837xD_Dma.obj</name>
      </input_file>
      <input_file id="fl-e">
         <path>.\Cpu\BitField\Common\source\</path>
         <kind>object</kind>
         <file>F2837xD_ECap.obj</file>
         <name>F2837xD_ECap.obj</name>
      </input_file>
      <input_file id="fl-f">
         <path>.\Cpu\BitField\Common\source\</path>
         <kind>object</kind>
         <file>F2837xD_EPwm.obj</file>
         <name>F2837xD_EPwm.obj</name>
      </input_file>
      <input_file id="fl-10">
         <path>.\Cpu\BitField\Common\source\</path>
         <kind>object</kind>
         <file>F2837xD_EQep.obj</file>
         <name>F2837xD_EQep.obj</name>
      </input_file>
      <input_file id="fl-11">
         <path>.\Cpu\BitField\Common\source\</path>
         <kind>object</kind>
         <file>F2837xD_Emif.obj</file>
         <name>F2837xD_Emif.obj</name>
      </input_file>
      <input_file id="fl-12">
         <path>.\Cpu\BitField\Common\source\</path>
         <kind>object</kind>
         <file>F2837xD_Gpio.obj</file>
         <name>F2837xD_Gpio.obj</name>
      </input_file>
      <input_file id="fl-13">
         <path>.\Cpu\BitField\Common\source\</path>
         <kind>object</kind>
         <file>F2837xD_I2C.obj</file>
         <name>F2837xD_I2C.obj</name>
      </input_file>
      <input_file id="fl-14">
         <path>.\Cpu\BitField\Common\source\</path>
         <kind>object</kind>
         <file>F2837xD_Ipc.obj</file>
         <name>F2837xD_Ipc.obj</name>
      </input_file>
      <input_file id="fl-15">
         <path>.\Cpu\BitField\Common\source\</path>
         <kind>object</kind>
         <file>F2837xD_Mcbsp.obj</file>
         <name>F2837xD_Mcbsp.obj</name>
      </input_file>
      <input_file id="fl-16">
         <path>.\Cpu\BitField\Common\source\</path>
         <kind>object</kind>
         <file>F2837xD_PieCtrl.obj</file>
         <name>F2837xD_PieCtrl.obj</name>
      </input_file>
      <input_file id="fl-17">
         <path>.\Cpu\BitField\Common\source\</path>
         <kind>object</kind>
         <file>F2837xD_PieVect.obj</file>
         <name>F2837xD_PieVect.obj</name>
      </input_file>
      <input_file id="fl-18">
         <path>.\Cpu\BitField\Common\source\</path>
         <kind>object</kind>
         <file>F2837xD_Sci.obj</file>
         <name>F2837xD_Sci.obj</name>
      </input_file>
      <input_file id="fl-19">
         <path>.\Cpu\BitField\Common\source\</path>
         <kind>object</kind>
         <file>F2837xD_Spi.obj</file>
         <name>F2837xD_Spi.obj</name>
      </input_file>
      <input_file id="fl-1a">
         <path>.\Cpu\BitField\Common\source\</path>
         <kind>object</kind>
         <file>F2837xD_SysCtrl.obj</file>
         <name>F2837xD_SysCtrl.obj</name>
      </input_file>
      <input_file id="fl-1b">
         <path>.\Cpu\BitField\Common\source\</path>
         <kind>object</kind>
         <file>F2837xD_TempSensorConv.obj</file>
         <name>F2837xD_TempSensorConv.obj</name>
      </input_file>
      <input_file id="fl-1c">
         <path>.\Cpu\BitField\Common\source\</path>
         <kind>object</kind>
         <file>F2837xD_Upp.obj</file>
         <name>F2837xD_Upp.obj</name>
      </input_file>
      <input_file id="fl-1d">
         <path>.\Cpu\BitField\Common\source\</path>
         <kind>object</kind>
         <file>F2837xD_can.obj</file>
         <name>F2837xD_can.obj</name>
      </input_file>
      <input_file id="fl-1e">
         <path>.\Cpu\BitField\Common\source\</path>
         <kind>object</kind>
         <file>F2837xD_sci_io.obj</file>
         <name>F2837xD_sci_io.obj</name>
      </input_file>
      <input_file id="fl-1f">
         <path>.\Cpu\BitField\Common\source\</path>
         <kind>object</kind>
         <file>F2837xD_sdfm_drivers.obj</file>
         <name>F2837xD_sdfm_drivers.obj</name>
      </input_file>
      <input_file id="fl-20">
         <path>.\Cpu\BitField\Common\source\</path>
         <kind>object</kind>
         <file>F2837xD_struct.obj</file>
         <name>F2837xD_struct.obj</name>
      </input_file>
      <input_file id="fl-21">
         <path>.\Cpu\BitField\Common\source\</path>
         <kind>object</kind>
         <file>F2837xD_usDelay.obj</file>
         <name>F2837xD_usDelay.obj</name>
      </input_file>
      <input_file id="fl-22">
         <path>.\Cpu\BitField\headers\source\</path>
         <kind>object</kind>
         <file>F2837xD_GlobalVariableDefs.obj</file>
         <name>F2837xD_GlobalVariableDefs.obj</name>
      </input_file>
      <input_file id="fl-23">
         <path>.\Cpu\DriverLib\</path>
         <kind>object</kind>
         <file>adc.obj</file>
         <name>adc.obj</name>
      </input_file>
      <input_file id="fl-24">
         <path>.\Cpu\DriverLib\</path>
         <kind>object</kind>
         <file>asysctl.obj</file>
         <name>asysctl.obj</name>
      </input_file>
      <input_file id="fl-25">
         <path>.\Cpu\DriverLib\</path>
         <kind>object</kind>
         <file>can.obj</file>
         <name>can.obj</name>
      </input_file>
      <input_file id="fl-26">
         <path>.\Cpu\DriverLib\</path>
         <kind>object</kind>
         <file>cla.obj</file>
         <name>cla.obj</name>
      </input_file>
      <input_file id="fl-27">
         <path>.\Cpu\DriverLib\</path>
         <kind>object</kind>
         <file>clb.obj</file>
         <name>clb.obj</name>
      </input_file>
      <input_file id="fl-28">
         <path>.\Cpu\DriverLib\</path>
         <kind>object</kind>
         <file>cmpss.obj</file>
         <name>cmpss.obj</name>
      </input_file>
      <input_file id="fl-29">
         <path>.\Cpu\DriverLib\</path>
         <kind>object</kind>
         <file>cputimer.obj</file>
         <name>cputimer.obj</name>
      </input_file>
      <input_file id="fl-2a">
         <path>.\Cpu\DriverLib\</path>
         <kind>object</kind>
         <file>dac.obj</file>
         <name>dac.obj</name>
      </input_file>
      <input_file id="fl-2b">
         <path>.\Cpu\DriverLib\</path>
         <kind>object</kind>
         <file>dcsm.obj</file>
         <name>dcsm.obj</name>
      </input_file>
      <input_file id="fl-2c">
         <path>.\Cpu\DriverLib\</path>
         <kind>object</kind>
         <file>dma.obj</file>
         <name>dma.obj</name>
      </input_file>
      <input_file id="fl-2d">
         <path>.\Cpu\DriverLib\</path>
         <kind>object</kind>
         <file>ecap.obj</file>
         <name>ecap.obj</name>
      </input_file>
      <input_file id="fl-2e">
         <path>.\Cpu\DriverLib\</path>
         <kind>object</kind>
         <file>emif.obj</file>
         <name>emif.obj</name>
      </input_file>
      <input_file id="fl-2f">
         <path>.\Cpu\DriverLib\</path>
         <kind>object</kind>
         <file>epwm.obj</file>
         <name>epwm.obj</name>
      </input_file>
      <input_file id="fl-30">
         <path>.\Cpu\DriverLib\</path>
         <kind>object</kind>
         <file>eqep.obj</file>
         <name>eqep.obj</name>
      </input_file>
      <input_file id="fl-31">
         <path>.\Cpu\DriverLib\</path>
         <kind>object</kind>
         <file>flash.obj</file>
         <name>flash.obj</name>
      </input_file>
      <input_file id="fl-32">
         <path>.\Cpu\DriverLib\</path>
         <kind>object</kind>
         <file>gpio.obj</file>
         <name>gpio.obj</name>
      </input_file>
      <input_file id="fl-33">
         <path>.\Cpu\DriverLib\</path>
         <kind>object</kind>
         <file>hrpwm.obj</file>
         <name>hrpwm.obj</name>
      </input_file>
      <input_file id="fl-34">
         <path>.\Cpu\DriverLib\</path>
         <kind>object</kind>
         <file>i2c.obj</file>
         <name>i2c.obj</name>
      </input_file>
      <input_file id="fl-35">
         <path>.\Cpu\DriverLib\</path>
         <kind>object</kind>
         <file>interrupt.obj</file>
         <name>interrupt.obj</name>
      </input_file>
      <input_file id="fl-36">
         <path>.\Cpu\DriverLib\</path>
         <kind>object</kind>
         <file>mcbsp.obj</file>
         <name>mcbsp.obj</name>
      </input_file>
      <input_file id="fl-37">
         <path>.\Cpu\DriverLib\</path>
         <kind>object</kind>
         <file>memcfg.obj</file>
         <name>memcfg.obj</name>
      </input_file>
      <input_file id="fl-38">
         <path>.\Cpu\DriverLib\</path>
         <kind>object</kind>
         <file>sci.obj</file>
         <name>sci.obj</name>
      </input_file>
      <input_file id="fl-39">
         <path>.\Cpu\DriverLib\</path>
         <kind>object</kind>
         <file>sdfm.obj</file>
         <name>sdfm.obj</name>
      </input_file>
      <input_file id="fl-3a">
         <path>.\Cpu\DriverLib\</path>
         <kind>object</kind>
         <file>spi.obj</file>
         <name>spi.obj</name>
      </input_file>
      <input_file id="fl-3b">
         <path>.\Cpu\DriverLib\</path>
         <kind>object</kind>
         <file>sysctl.obj</file>
         <name>sysctl.obj</name>
      </input_file>
      <input_file id="fl-3c">
         <path>.\Cpu\DriverLib\</path>
         <kind>object</kind>
         <file>upp.obj</file>
         <name>upp.obj</name>
      </input_file>
      <input_file id="fl-3d">
         <path>.\Cpu\DriverLib\</path>
         <kind>object</kind>
         <file>usb.obj</file>
         <name>usb.obj</name>
      </input_file>
      <input_file id="fl-3e">
         <path>.\Cpu\DriverLib\</path>
         <kind>object</kind>
         <file>version.obj</file>
         <name>version.obj</name>
      </input_file>
      <input_file id="fl-3f">
         <path>.\Cpu\DriverLib\</path>
         <kind>object</kind>
         <file>xbar.obj</file>
         <name>xbar.obj</name>
      </input_file>
      <input_file id="fl-40">
         <path>.\Driver\</path>
         <kind>object</kind>
         <file>Adc_User.obj</file>
         <name>Adc_User.obj</name>
      </input_file>
      <input_file id="fl-41">
         <path>.\Driver\</path>
         <kind>object</kind>
         <file>CAN_User.obj</file>
         <name>CAN_User.obj</name>
      </input_file>
      <input_file id="fl-42">
         <path>.\Driver\</path>
         <kind>object</kind>
         <file>Cla_User.obj</file>
         <name>Cla_User.obj</name>
      </input_file>
      <input_file id="fl-43">
         <path>.\Driver\</path>
         <kind>object</kind>
         <file>Cmpss_User.obj</file>
         <name>Cmpss_User.obj</name>
      </input_file>
      <input_file id="fl-44">
         <path>.\Driver\</path>
         <kind>object</kind>
         <file>Gpio_User.obj</file>
         <name>Gpio_User.obj</name>
      </input_file>
      <input_file id="fl-45">
         <path>.\Driver\</path>
         <kind>object</kind>
         <file>PWM_User.obj</file>
         <name>PWM_User.obj</name>
      </input_file>
      <input_file id="fl-46">
         <path>.\Kernel\</path>
         <kind>object</kind>
         <file>RTOS_EVENT.obj</file>
         <name>RTOS_EVENT.obj</name>
      </input_file>
      <input_file id="fl-47">
         <path>.\Kernel\</path>
         <kind>object</kind>
         <file>RTOS_TASK.obj</file>
         <name>RTOS_TASK.obj</name>
      </input_file>
      <input_file id="fl-48">
         <path>.\Kernel\</path>
         <kind>object</kind>
         <file>RTOS_TIMER.obj</file>
         <name>RTOS_TIMER.obj</name>
      </input_file>
      <input_file id="fl-49">
         <path>.\Module\</path>
         <kind>object</kind>
         <file>DCController.obj</file>
         <name>DCController.obj</name>
      </input_file>
      <input_file id="fl-4a">
         <path>.\Module\</path>
         <kind>object</kind>
         <file>Modbus_RTU.obj</file>
         <name>Modbus_RTU.obj</name>
      </input_file>
      <input_file id="fl-4b">
         <path>.\Module\</path>
         <kind>object</kind>
         <file>PfcController.obj</file>
         <name>PfcController.obj</name>
      </input_file>
      <input_file id="fl-4c">
         <path>.\Module\</path>
         <kind>object</kind>
         <file>ShareData.obj</file>
         <name>ShareData.obj</name>
      </input_file>
      <input_file id="fl-4d">
         <path>.\Module\</path>
         <kind>object</kind>
         <file>UartDebug.obj</file>
         <name>UartDebug.obj</name>
      </input_file>
      <input_file id="fl-54">
         <kind>object</kind>
         <file>&lt;internal&gt;</file>
         <name>&lt;internal&gt;</name>
      </input_file>
      <input_file id="fl-55">
         <path>..\Cpu\Lib\</path>
         <kind>archive</kind>
         <file>rts2800_fpu32.lib</file>
         <name>boot28.asm.obj</name>
      </input_file>
      <input_file id="fl-56">
         <path>..\Cpu\Lib\</path>
         <kind>archive</kind>
         <file>rts2800_fpu32.lib</file>
         <name>fs_div28.asm.obj</name>
      </input_file>
      <input_file id="fl-57">
         <path>..\Cpu\Lib\</path>
         <kind>archive</kind>
         <file>rts2800_fpu32.lib</file>
         <name>ll_aox28.asm.obj</name>
      </input_file>
      <input_file id="fl-58">
         <path>..\Cpu\Lib\</path>
         <kind>archive</kind>
         <file>rts2800_fpu32.lib</file>
         <name>ll_cmp28.asm.obj</name>
      </input_file>
      <input_file id="fl-59">
         <path>..\Cpu\Lib\</path>
         <kind>archive</kind>
         <file>rts2800_fpu32.lib</file>
         <name>u_div28.asm.obj</name>
      </input_file>
      <input_file id="fl-5a">
         <path>..\Cpu\Lib\</path>
         <kind>archive</kind>
         <file>rts2800_fpu32.lib</file>
         <name>l_div28.asm.obj</name>
      </input_file>
      <input_file id="fl-5b">
         <path>..\Cpu\Lib\</path>
         <kind>archive</kind>
         <file>rts2800_fpu32.lib</file>
         <name>cpy_tbl.c.obj</name>
      </input_file>
      <input_file id="fl-5c">
         <path>..\Cpu\Lib\</path>
         <kind>archive</kind>
         <file>rts2800_fpu32.lib</file>
         <name>memcpy.c.obj</name>
      </input_file>
      <input_file id="fl-5d">
         <path>..\Cpu\Lib\</path>
         <kind>archive</kind>
         <file>rts2800_fpu32.lib</file>
         <name>pre_init.c.obj</name>
      </input_file>
      <input_file id="fl-5e">
         <path>..\Cpu\Lib\</path>
         <kind>archive</kind>
         <file>rts2800_fpu32.lib</file>
         <name>startup.c.obj</name>
      </input_file>
      <input_file id="fl-5f">
         <path>..\Cpu\Lib\</path>
         <kind>archive</kind>
         <file>rts2800_fpu32.lib</file>
         <name>exit.c.obj</name>
      </input_file>
      <input_file id="fl-60">
         <path>..\Cpu\Lib\</path>
         <kind>archive</kind>
         <file>rts2800_fpu32.lib</file>
         <name>_lock.c.obj</name>
      </input_file>
      <input_file id="fl-61">
         <path>..\Cpu\Lib\</path>
         <kind>archive</kind>
         <file>rts2800_fpu32.lib</file>
         <name>args_main.c.obj</name>
      </input_file>
      <input_file id="fl-62">
         <path>..\Cpu\Lib\</path>
         <kind>archive</kind>
         <file>rts2800_fpu32.lib</file>
         <name>memset.c.obj</name>
      </input_file>
   </input_file_list>
   <object_component_list>
      <object_component id="oc-286">
         <name>.cinit:_f32_GraphIdTab</name>
         <load_address>0x87738</load_address>
         <run_address>0x87738</run_address>
         <size>0x5f</size>
         <input_file_ref idref="fl-4d"/>
      </object_component>
      <object_component id="oc-284">
         <name>.cinit</name>
         <load_address>0x87797</load_address>
         <run_address>0x87797</run_address>
         <size>0x56</size>
         <input_file_ref idref="fl-4b"/>
      </object_component>
      <object_component id="oc-294">
         <name>.cinit</name>
         <load_address>0x877ed</load_address>
         <run_address>0x877ed</run_address>
         <size>0x34</size>
         <input_file_ref idref="fl-4d"/>
      </object_component>
      <object_component id="oc-23b">
         <name>.cinit:_i16_GraphIdTab</name>
         <load_address>0x87821</load_address>
         <run_address>0x87821</run_address>
         <size>0x33</size>
         <input_file_ref idref="fl-4d"/>
      </object_component>
      <object_component id="oc-168">
         <name>.cinit:_TRIP_SEL</name>
         <load_address>0x87854</load_address>
         <run_address>0x87854</run_address>
         <size>0x21</size>
         <input_file_ref idref="fl-20"/>
      </object_component>
      <object_component id="oc-28d">
         <name>.cinit</name>
         <load_address>0x87875</load_address>
         <run_address>0x87875</run_address>
         <size>0x1d</size>
         <input_file_ref idref="fl-4c"/>
      </object_component>
      <object_component id="oc-198">
         <name>.cinit:_EPWM</name>
         <load_address>0x87892</load_address>
         <run_address>0x87892</run_address>
         <size>0x1d</size>
         <input_file_ref idref="fl-20"/>
      </object_component>
      <object_component id="oc-241">
         <name>.cinit</name>
         <load_address>0x878af</load_address>
         <run_address>0x878af</run_address>
         <size>0x12</size>
         <input_file_ref idref="fl-41"/>
      </object_component>
      <object_component id="oc-158">
         <name>.cinit:_ECAP</name>
         <load_address>0x878c1</load_address>
         <run_address>0x878c1</run_address>
         <size>0x11</size>
         <input_file_ref idref="fl-20"/>
      </object_component>
      <object_component id="oc-2cf">
         <name>.cinit</name>
         <load_address>0x878d2</load_address>
         <run_address>0x878d2</run_address>
         <size>0xe</size>
         <input_file_ref idref="fl-5f"/>
      </object_component>
      <object_component id="oc-191">
         <name>.cinit:_ADC</name>
         <load_address>0x878e0</load_address>
         <run_address>0x878e0</run_address>
         <size>0xd</size>
         <input_file_ref idref="fl-20"/>
      </object_component>
      <object_component id="oc-16c">
         <name>.cinit:_EQEP</name>
         <load_address>0x878ed</load_address>
         <run_address>0x878ed</run_address>
         <size>0xb</size>
         <input_file_ref idref="fl-20"/>
      </object_component>
      <object_component id="oc-14e">
         <name>.cinit:_SPI</name>
         <load_address>0x878f8</load_address>
         <run_address>0x878f8</run_address>
         <size>0xb</size>
         <input_file_ref idref="fl-20"/>
      </object_component>
      <object_component id="oc-18c">
         <name>.cinit:_SDFM</name>
         <load_address>0x87903</load_address>
         <run_address>0x87903</run_address>
         <size>0x9</size>
         <input_file_ref idref="fl-20"/>
      </object_component>
      <object_component id="oc-b0">
         <name>.cinit</name>
         <load_address>0x8790c</load_address>
         <run_address>0x8790c</run_address>
         <size>0x8</size>
         <input_file_ref idref="fl-7"/>
      </object_component>
      <object_component id="oc-9b">
         <name>.cinit</name>
         <load_address>0x87914</load_address>
         <run_address>0x87914</run_address>
         <size>0x7</size>
         <input_file_ref idref="fl-4"/>
      </object_component>
      <object_component id="oc-170">
         <name>.cinit:_I2C</name>
         <load_address>0x8791b</load_address>
         <run_address>0x8791b</run_address>
         <size>0x7</size>
         <input_file_ref idref="fl-20"/>
      </object_component>
      <object_component id="oc-174">
         <name>.cinit:_MCBSP</name>
         <load_address>0x87922</load_address>
         <run_address>0x87922</run_address>
         <size>0x7</size>
         <input_file_ref idref="fl-20"/>
      </object_component>
      <object_component id="oc-149">
         <name>.cinit:_SCI</name>
         <load_address>0x87929</load_address>
         <run_address>0x87929</run_address>
         <size>0x7</size>
         <input_file_ref idref="fl-20"/>
      </object_component>
      <object_component id="oc-310">
         <name>.cinit:__lock</name>
         <load_address>0x87930</load_address>
         <run_address>0x87930</run_address>
         <size>0x5</size>
         <input_file_ref idref="fl-60"/>
      </object_component>
      <object_component id="oc-319">
         <name>.cinit:__unlock</name>
         <load_address>0x87935</load_address>
         <run_address>0x87935</run_address>
         <size>0x5</size>
         <input_file_ref idref="fl-60"/>
      </object_component>
      <object_component id="oc-125">
         <name>.cinit</name>
         <load_address>0x8793a</load_address>
         <run_address>0x8793a</run_address>
         <size>0x4</size>
         <input_file_ref idref="fl-1e"/>
      </object_component>
      <object_component id="oc-2f8">
         <name>.cinit:_userdata</name>
         <load_address>0x8793e</load_address>
         <run_address>0x8793e</run_address>
         <size>0x4</size>
         <input_file_ref idref="fl-41"/>
      </object_component>
      <object_component id="oc-2e4">
         <name>.text</name>
         <load_address>0x82000</load_address>
         <run_address>0x82000</run_address>
         <size>0x9f2</size>
         <input_file_ref idref="fl-40"/>
      </object_component>
      <object_component id="oc-2e9">
         <name>.text</name>
         <load_address>0x829f2</load_address>
         <run_address>0x829f2</run_address>
         <size>0x8d7</size>
         <input_file_ref idref="fl-4d"/>
      </object_component>
      <object_component id="oc-cc">
         <name>.text:retain</name>
         <load_address>0x832c9</load_address>
         <run_address>0x832c9</run_address>
         <size>0x585</size>
         <input_file_ref idref="fl-c"/>
      </object_component>
      <object_component id="oc-31f">
         <name>.text</name>
         <load_address>0x8384e</load_address>
         <run_address>0x8384e</run_address>
         <size>0x4dc</size>
         <input_file_ref idref="fl-45"/>
      </object_component>
      <object_component id="oc-2f6">
         <name>.text</name>
         <load_address>0x83d2a</load_address>
         <run_address>0x83d2a</run_address>
         <size>0x4c7</size>
         <input_file_ref idref="fl-25"/>
      </object_component>
      <object_component id="oc-31a">
         <name>.text</name>
         <load_address>0x841f1</load_address>
         <run_address>0x841f1</run_address>
         <size>0x4b4</size>
         <input_file_ref idref="fl-1a"/>
      </object_component>
      <object_component id="oc-2f5">
         <name>.text</name>
         <load_address>0x846a5</load_address>
         <run_address>0x846a5</run_address>
         <size>0x45e</size>
         <input_file_ref idref="fl-41"/>
      </object_component>
      <object_component id="oc-31e">
         <name>.text</name>
         <load_address>0x84b03</load_address>
         <run_address>0x84b03</run_address>
         <size>0x2ef</size>
         <input_file_ref idref="fl-43"/>
      </object_component>
      <object_component id="oc-324">
         <name>.text</name>
         <load_address>0x84df2</load_address>
         <run_address>0x84df2</run_address>
         <size>0x244</size>
         <input_file_ref idref="fl-12"/>
      </object_component>
      <object_component id="oc-313">
         <name>.text</name>
         <load_address>0x85036</load_address>
         <run_address>0x85036</run_address>
         <size>0x20c</size>
         <input_file_ref idref="fl-6"/>
      </object_component>
      <object_component id="oc-317">
         <name>.text</name>
         <load_address>0x85242</load_address>
         <run_address>0x85242</run_address>
         <size>0x1fe</size>
         <input_file_ref idref="fl-4b"/>
      </object_component>
      <object_component id="oc-30a">
         <name>.text</name>
         <load_address>0x85440</load_address>
         <run_address>0x85440</run_address>
         <size>0x1eb</size>
         <input_file_ref idref="fl-32"/>
      </object_component>
      <object_component id="oc-314">
         <name>.text</name>
         <load_address>0x8562b</load_address>
         <run_address>0x8562b</run_address>
         <size>0x1cc</size>
         <input_file_ref idref="fl-5"/>
      </object_component>
      <object_component id="oc-30b">
         <name>.text</name>
         <load_address>0x857f7</load_address>
         <run_address>0x857f7</run_address>
         <size>0x173</size>
         <input_file_ref idref="fl-35"/>
      </object_component>
      <object_component id="oc-30e">
         <name>.text</name>
         <load_address>0x8596a</load_address>
         <run_address>0x8596a</run_address>
         <size>0x138</size>
         <input_file_ref idref="fl-7"/>
      </object_component>
      <object_component id="oc-316">
         <name>.text</name>
         <load_address>0x85aa2</load_address>
         <run_address>0x85aa2</run_address>
         <size>0x136</size>
         <input_file_ref idref="fl-4c"/>
      </object_component>
      <object_component id="oc-31d">
         <name>.text</name>
         <load_address>0x85bd8</load_address>
         <run_address>0x85bd8</run_address>
         <size>0x117</size>
         <input_file_ref idref="fl-44"/>
      </object_component>
      <object_component id="oc-2ff">
         <name>.text</name>
         <load_address>0x85cef</load_address>
         <run_address>0x85cef</run_address>
         <size>0xf0</size>
         <input_file_ref idref="fl-8"/>
      </object_component>
      <object_component id="oc-30c">
         <name>.text</name>
         <load_address>0x85ddf</load_address>
         <run_address>0x85ddf</run_address>
         <size>0xea</size>
         <input_file_ref idref="fl-4a"/>
      </object_component>
      <object_component id="oc-312">
         <name>.text</name>
         <load_address>0x85ec9</load_address>
         <run_address>0x85ec9</run_address>
         <size>0xd2</size>
         <input_file_ref idref="fl-47"/>
      </object_component>
      <object_component id="oc-243">
         <name>.text:retain</name>
         <load_address>0x85f9b</load_address>
         <run_address>0x85f9b</run_address>
         <size>0xa6</size>
         <input_file_ref idref="fl-41"/>
      </object_component>
      <object_component id="oc-31c">
         <name>.text</name>
         <load_address>0x86041</load_address>
         <run_address>0x86041</run_address>
         <size>0x8d</size>
         <input_file_ref idref="fl-42"/>
      </object_component>
      <object_component id="oc-2a1">
         <name>.text</name>
         <load_address>0x860ce</load_address>
         <run_address>0x860ce</run_address>
         <size>0x88</size>
         <input_file_ref idref="fl-56"/>
      </object_component>
      <object_component id="oc-9e">
         <name>.text:retain</name>
         <load_address>0x86156</load_address>
         <run_address>0x86156</run_address>
         <size>0x85</size>
         <input_file_ref idref="fl-4"/>
      </object_component>
      <object_component id="oc-24a">
         <name>.text:retain</name>
         <load_address>0x861db</load_address>
         <run_address>0x861db</run_address>
         <size>0x83</size>
         <input_file_ref idref="fl-42"/>
      </object_component>
      <object_component id="oc-300">
         <name>.text</name>
         <load_address>0x8625e</load_address>
         <run_address>0x8625e</run_address>
         <size>0x79</size>
         <input_file_ref idref="fl-46"/>
      </object_component>
      <object_component id="oc-311">
         <name>.text</name>
         <load_address>0x862d7</load_address>
         <run_address>0x862d7</run_address>
         <size>0x6e</size>
         <input_file_ref idref="fl-3"/>
      </object_component>
      <object_component id="oc-29a">
         <name>.text</name>
         <load_address>0x86345</load_address>
         <run_address>0x86345</run_address>
         <size>0x56</size>
         <input_file_ref idref="fl-55"/>
      </object_component>
      <object_component id="oc-201">
         <name>.text:retain</name>
         <load_address>0x8639b</load_address>
         <run_address>0x8639b</run_address>
         <size>0x2a</size>
         <input_file_ref idref="fl-35"/>
      </object_component>
      <object_component id="oc-2b5">
         <name>.text</name>
         <load_address>0x863c5</load_address>
         <run_address>0x863c5</run_address>
         <size>0x2a</size>
         <input_file_ref idref="fl-5a"/>
      </object_component>
      <object_component id="oc-2fe">
         <name>.text</name>
         <load_address>0x863ef</load_address>
         <run_address>0x863ef</run_address>
         <size>0x29</size>
         <input_file_ref idref="fl-5f"/>
      </object_component>
      <object_component id="oc-31b">
         <name>.text</name>
         <load_address>0x86418</load_address>
         <run_address>0x86418</run_address>
         <size>0x28</size>
         <input_file_ref idref="fl-16"/>
      </object_component>
      <object_component id="oc-320">
         <name>.text</name>
         <load_address>0x86440</load_address>
         <run_address>0x86440</run_address>
         <size>0x26</size>
         <input_file_ref idref="fl-17"/>
      </object_component>
      <object_component id="oc-2fb">
         <name>.text</name>
         <load_address>0x86466</load_address>
         <run_address>0x86466</run_address>
         <size>0x24</size>
         <input_file_ref idref="fl-5b"/>
      </object_component>
      <object_component id="oc-315">
         <name>.text</name>
         <load_address>0x8648a</load_address>
         <run_address>0x8648a</run_address>
         <size>0x1e</size>
         <input_file_ref idref="fl-2"/>
      </object_component>
      <object_component id="oc-2ab">
         <name>.text</name>
         <load_address>0x864a8</load_address>
         <run_address>0x864a8</run_address>
         <size>0x1e</size>
         <input_file_ref idref="fl-58"/>
      </object_component>
      <object_component id="oc-30d">
         <name>.text</name>
         <load_address>0x864c6</load_address>
         <run_address>0x864c6</run_address>
         <size>0x1d</size>
         <input_file_ref idref="fl-5c"/>
      </object_component>
      <object_component id="oc-2a6">
         <name>.text</name>
         <load_address>0x864e3</load_address>
         <run_address>0x864e3</run_address>
         <size>0x18</size>
         <input_file_ref idref="fl-57"/>
      </object_component>
      <object_component id="oc-2fd">
         <name>.text</name>
         <load_address>0x864fb</load_address>
         <run_address>0x864fb</run_address>
         <size>0x12</size>
         <input_file_ref idref="fl-61"/>
      </object_component>
      <object_component id="oc-2b0">
         <name>.text</name>
         <load_address>0x8650d</load_address>
         <run_address>0x8650d</run_address>
         <size>0xb</size>
         <input_file_ref idref="fl-59"/>
      </object_component>
      <object_component id="oc-318">
         <name>.text</name>
         <load_address>0x86518</load_address>
         <run_address>0x86518</run_address>
         <size>0x9</size>
         <input_file_ref idref="fl-60"/>
      </object_component>
      <object_component id="oc-bb">
         <name>.text</name>
         <load_address>0x86521</load_address>
         <run_address>0x86521</run_address>
         <size>0x8</size>
         <input_file_ref idref="fl-9"/>
      </object_component>
      <object_component id="oc-c6">
         <name>.text</name>
         <load_address>0x86529</load_address>
         <run_address>0x86529</run_address>
         <size>0x3</size>
         <input_file_ref idref="fl-b"/>
      </object_component>
      <object_component id="oc-2fa">
         <name>.text</name>
         <load_address>0x8652c</load_address>
         <run_address>0x8652c</run_address>
         <size>0x2</size>
         <input_file_ref idref="fl-5d"/>
      </object_component>
      <object_component id="oc-2fc">
         <name>.text</name>
         <load_address>0x8652e</load_address>
         <run_address>0x8652e</run_address>
         <size>0x1</size>
         <input_file_ref idref="fl-5e"/>
      </object_component>
      <object_component id="oc-8e">
         <name>codestart</name>
         <load_address>0x80000</load_address>
         <run_address>0x80000</run_address>
         <size>0x2</size>
         <input_file_ref idref="fl-9"/>
      </object_component>
      <object_component id="oc-29b">
         <name>.stack</name>
         <uninitialized>true</uninitialized>
         <run_address>0x400</run_address>
         <size>0x0</size>
         <input_file_ref idref="fl-55"/>
      </object_component>
      <object_component id="oc-3bb">
         <name>.stack</name>
         <uninitialized>true</uninitialized>
         <run_address>0x400</run_address>
         <size>0x0</size>
      </object_component>
      <object_component id="oc-90">
         <name>.ebss</name>
         <uninitialized>true</uninitialized>
         <run_address>0xe57b</run_address>
         <size>0x1</size>
         <input_file_ref idref="fl-2"/>
      </object_component>
      <object_component id="oc-9c">
         <name>.ebss</name>
         <uninitialized>true</uninitialized>
         <run_address>0xe558</run_address>
         <size>0x6</size>
         <input_file_ref idref="fl-4"/>
      </object_component>
      <object_component id="oc-321">
         <name>.ebss:_u16_test</name>
         <uninitialized>true</uninitialized>
         <run_address>0xe570</run_address>
         <size>0x5</size>
         <input_file_ref idref="fl-5"/>
      </object_component>
      <object_component id="oc-a4">
         <name>.ebss</name>
         <uninitialized>true</uninitialized>
         <run_address>0xe258</run_address>
         <size>0x1f</size>
         <input_file_ref idref="fl-5"/>
      </object_component>
      <object_component id="oc-b1">
         <name>.ebss</name>
         <uninitialized>true</uninitialized>
         <run_address>0xe578</run_address>
         <size>0x3</size>
         <input_file_ref idref="fl-7"/>
      </object_component>
      <object_component id="oc-c1">
         <name>.ebss</name>
         <uninitialized>true</uninitialized>
         <run_address>0xe424</run_address>
         <size>0x18</size>
         <input_file_ref idref="fl-a"/>
      </object_component>
      <object_component id="oc-115">
         <name>.ebss</name>
         <uninitialized>true</uninitialized>
         <run_address>0xe55e</run_address>
         <size>0x6</size>
         <input_file_ref idref="fl-1b"/>
      </object_component>
      <object_component id="oc-126">
         <name>.ebss</name>
         <uninitialized>true</uninitialized>
         <run_address>0xe57c</run_address>
         <size>0x1</size>
         <input_file_ref idref="fl-1e"/>
      </object_component>
      <object_component id="oc-2ef">
         <name>.ebss:_I2C</name>
         <uninitialized>true</uninitialized>
         <run_address>0xe43c</run_address>
         <size>0x4</size>
         <input_file_ref idref="fl-20"/>
      </object_component>
      <object_component id="oc-2f0">
         <name>.ebss:_MCBSP</name>
         <uninitialized>true</uninitialized>
         <run_address>0xe4bc</run_address>
         <size>0x4</size>
         <input_file_ref idref="fl-20"/>
      </object_component>
      <object_component id="oc-2ea">
         <name>.ebss:_SCI</name>
         <uninitialized>true</uninitialized>
         <run_address>0xe53c</run_address>
         <size>0x4</size>
         <input_file_ref idref="fl-20"/>
      </object_component>
      <object_component id="oc-2f1">
         <name>.ebss:_SDFM</name>
         <uninitialized>true</uninitialized>
         <run_address>0xe564</run_address>
         <size>0x6</size>
         <input_file_ref idref="fl-20"/>
      </object_component>
      <object_component id="oc-2ee">
         <name>.ebss:_EQEP</name>
         <uninitialized>true</uninitialized>
         <run_address>0xe540</run_address>
         <size>0x8</size>
         <input_file_ref idref="fl-20"/>
      </object_component>
      <object_component id="oc-2eb">
         <name>.ebss:_SPI</name>
         <uninitialized>true</uninitialized>
         <run_address>0xe548</run_address>
         <size>0x8</size>
         <input_file_ref idref="fl-20"/>
      </object_component>
      <object_component id="oc-2f2">
         <name>.ebss:_ADC</name>
         <uninitialized>true</uninitialized>
         <run_address>0xdfb4</run_address>
         <size>0xa</size>
         <input_file_ref idref="fl-20"/>
      </object_component>
      <object_component id="oc-2ec">
         <name>.ebss:_ECAP</name>
         <uninitialized>true</uninitialized>
         <run_address>0xe4f2</run_address>
         <size>0xe</size>
         <input_file_ref idref="fl-20"/>
      </object_component>
      <object_component id="oc-2f3">
         <name>.ebss:_EPWM</name>
         <uninitialized>true</uninitialized>
         <run_address>0xe164</run_address>
         <size>0x1a</size>
         <input_file_ref idref="fl-20"/>
      </object_component>
      <object_component id="oc-2ed">
         <name>.ebss:_TRIP_SEL</name>
         <uninitialized>true</uninitialized>
         <run_address>0xe316</run_address>
         <size>0x1e</size>
         <input_file_ref idref="fl-20"/>
      </object_component>
      <object_component id="oc-242">
         <name>.ebss</name>
         <uninitialized>true</uninitialized>
         <run_address>0xe278</run_address>
         <size>0x8</size>
         <input_file_ref idref="fl-41"/>
      </object_component>
      <object_component id="oc-2f7">
         <name>.ebss:_userdata</name>
         <uninitialized>true</uninitialized>
         <run_address>0xe550</run_address>
         <size>0x8</size>
         <input_file_ref idref="fl-41"/>
      </object_component>
      <object_component id="oc-249">
         <name>.ebss</name>
         <uninitialized>true</uninitialized>
         <run_address>0xe277</run_address>
         <size>0x1</size>
         <input_file_ref idref="fl-42"/>
      </object_component>
      <object_component id="oc-264">
         <name>.ebss</name>
         <uninitialized>true</uninitialized>
         <run_address>0xe575</run_address>
         <size>0x3</size>
         <input_file_ref idref="fl-47"/>
      </object_component>
      <object_component id="oc-302">
         <name>.ebss:_Task_Struct_Table</name>
         <uninitialized>true</uninitialized>
         <run_address>0xe340</run_address>
         <size>0x80</size>
         <input_file_ref idref="fl-47"/>
      </object_component>
      <object_component id="oc-27e">
         <name>.ebss</name>
         <uninitialized>true</uninitialized>
         <run_address>0xe180</run_address>
         <size>0xd8</size>
         <input_file_ref idref="fl-4a"/>
      </object_component>
      <object_component id="oc-285">
         <name>.ebss</name>
         <uninitialized>true</uninitialized>
         <run_address>0xdfc0</run_address>
         <size>0x1a4</size>
         <input_file_ref idref="fl-4b"/>
      </object_component>
      <object_component id="oc-295">
         <name>.ebss</name>
         <uninitialized>true</uninitialized>
         <run_address>0xe4a4</run_address>
         <size>0x18</size>
         <input_file_ref idref="fl-4d"/>
      </object_component>
      <object_component id="oc-304">
         <name>.ebss:_uwCommandLength</name>
         <uninitialized>true</uninitialized>
         <run_address>0xe57e</run_address>
         <size>0x1</size>
         <input_file_ref idref="fl-4d"/>
      </object_component>
      <object_component id="oc-2e7">
         <name>.ebss:_u16_Tx2RxFlag</name>
         <uninitialized>true</uninitialized>
         <run_address>0xe57d</run_address>
         <size>0x1</size>
         <input_file_ref idref="fl-4d"/>
      </object_component>
      <object_component id="oc-303">
         <name>.ebss:_pbCmdBuffer</name>
         <uninitialized>true</uninitialized>
         <run_address>0xe33e</run_address>
         <size>0x2</size>
         <input_file_ref idref="fl-4d"/>
      </object_component>
      <object_component id="oc-307">
         <name>.ebss:_SciList</name>
         <uninitialized>true</uninitialized>
         <run_address>0xe532</run_address>
         <size>0xa</size>
         <input_file_ref idref="fl-4d"/>
      </object_component>
      <object_component id="oc-308">
         <name>.ebss:_QList</name>
         <uninitialized>true</uninitialized>
         <run_address>0xe334</run_address>
         <size>0xa</size>
         <input_file_ref idref="fl-4d"/>
      </object_component>
      <object_component id="oc-305">
         <name>.ebss:_bCommandBuffer</name>
         <uninitialized>true</uninitialized>
         <run_address>0xe4c0</run_address>
         <size>0x32</size>
         <input_file_ref idref="fl-4d"/>
      </object_component>
      <object_component id="oc-309">
         <name>.ebss:_bQueueBuffer</name>
         <uninitialized>true</uninitialized>
         <run_address>0xe500</run_address>
         <size>0x32</size>
         <input_file_ref idref="fl-4d"/>
      </object_component>
      <object_component id="oc-2f9">
         <name>.ebss:_f32_GraphIdTab</name>
         <uninitialized>true</uninitialized>
         <run_address>0xe3c0</run_address>
         <size>0x64</size>
         <input_file_ref idref="fl-4d"/>
      </object_component>
      <object_component id="oc-2f4">
         <name>.ebss:_i16_GraphIdTab</name>
         <uninitialized>true</uninitialized>
         <run_address>0xe440</run_address>
         <size>0x64</size>
         <input_file_ref idref="fl-4d"/>
      </object_component>
      <object_component id="oc-306">
         <name>.ebss:_bUserDataBuf</name>
         <uninitialized>true</uninitialized>
         <run_address>0xe280</run_address>
         <size>0x96</size>
         <input_file_ref idref="fl-4d"/>
      </object_component>
      <object_component id="oc-301">
         <name>.ebss:_uwTranmitDataBuff</name>
         <uninitialized>true</uninitialized>
         <run_address>0xd000</run_address>
         <size>0xfb4</size>
         <input_file_ref idref="fl-4d"/>
      </object_component>
      <object_component id="oc-2d0">
         <name>.ebss</name>
         <uninitialized>true</uninitialized>
         <run_address>0xe56a</run_address>
         <size>0x6</size>
         <input_file_ref idref="fl-5f"/>
      </object_component>
      <object_component id="oc-30f">
         <name>.ebss:__lock</name>
         <uninitialized>true</uninitialized>
         <run_address>0xdfbe</run_address>
         <size>0x2</size>
         <input_file_ref idref="fl-60"/>
      </object_component>
      <object_component id="oc-322">
         <name>.ebss:__unlock</name>
         <uninitialized>true</uninitialized>
         <run_address>0xe17e</run_address>
         <size>0x2</size>
         <input_file_ref idref="fl-60"/>
      </object_component>
      <object_component id="oc-325">
         <name>.econst:_PieVectTableInit</name>
         <load_address>0x87948</load_address>
         <run_address>0x87948</run_address>
         <size>0x1c0</size>
         <input_file_ref idref="fl-17"/>
      </object_component>
      <object_component id="oc-29c">
         <name>.reset</name>
         <load_address>0x3fffc0</load_address>
         <run_address>0x3fffc0</run_address>
         <size>0x2</size>
         <input_file_ref idref="fl-55"/>
      </object_component>
      <object_component id="oc-270">
         <name>Cla1Prog:_Cla1Task1</name>
         <load_address>0x87020</load_address>
         <run_address>0x9000</run_address>
         <size>0x5fe</size>
         <input_file_ref idref="fl-49"/>
      </object_component>
      <object_component id="oc-271">
         <name>Cla1Prog:_sAdcClaSample</name>
         <load_address>0x8761e</load_address>
         <run_address>0x95fe</run_address>
         <size>0xc6</size>
         <input_file_ref idref="fl-49"/>
      </object_component>
      <object_component id="oc-278">
         <name>Cla1Prog:_Cla1Task8</name>
         <load_address>0x876e4</load_address>
         <run_address>0x96c4</run_address>
         <size>0x24</size>
         <input_file_ref idref="fl-49"/>
      </object_component>
      <object_component id="oc-272">
         <name>Cla1Prog:_Cla1Task2</name>
         <load_address>0x87708</load_address>
         <run_address>0x96e8</run_address>
         <size>0x8</size>
         <input_file_ref idref="fl-49"/>
      </object_component>
      <object_component id="oc-273">
         <name>Cla1Prog:_Cla1Task3</name>
         <load_address>0x87710</load_address>
         <run_address>0x96f0</run_address>
         <size>0x8</size>
         <input_file_ref idref="fl-49"/>
      </object_component>
      <object_component id="oc-274">
         <name>Cla1Prog:_Cla1Task4</name>
         <load_address>0x87718</load_address>
         <run_address>0x96f8</run_address>
         <size>0x8</size>
         <input_file_ref idref="fl-49"/>
      </object_component>
      <object_component id="oc-275">
         <name>Cla1Prog:_Cla1Task5</name>
         <load_address>0x87720</load_address>
         <run_address>0x9700</run_address>
         <size>0x8</size>
         <input_file_ref idref="fl-49"/>
      </object_component>
      <object_component id="oc-276">
         <name>Cla1Prog:_Cla1Task6</name>
         <load_address>0x87728</load_address>
         <run_address>0x9708</run_address>
         <size>0x8</size>
         <input_file_ref idref="fl-49"/>
      </object_component>
      <object_component id="oc-277">
         <name>Cla1Prog:_Cla1Task7</name>
         <load_address>0x87730</load_address>
         <run_address>0x9710</run_address>
         <size>0x8</size>
         <input_file_ref idref="fl-49"/>
      </object_component>
      <object_component id="oc-23a">
         <name>CLADataLS0</name>
         <uninitialized>true</uninitialized>
         <run_address>0x8000</run_address>
         <size>0x42</size>
         <input_file_ref idref="fl-40"/>
      </object_component>
      <object_component id="oc-aa">
         <name>CLADataLS1</name>
         <uninitialized>true</uninitialized>
         <run_address>0x8970</run_address>
         <size>0xc</size>
         <input_file_ref idref="fl-6"/>
      </object_component>
      <object_component id="oc-26f">
         <name>CLADataLS1</name>
         <uninitialized>true</uninitialized>
         <run_address>0x897c</run_address>
         <size>0x1</size>
         <input_file_ref idref="fl-49"/>
      </object_component>
      <object_component id="oc-287">
         <name>CLADataLS1</name>
         <uninitialized>true</uninitialized>
         <run_address>0x8980</run_address>
         <size>0x18</size>
         <input_file_ref idref="fl-4b"/>
      </object_component>
      <object_component id="oc-28e">
         <name>CLADataLS1</name>
         <uninitialized>true</uninitialized>
         <run_address>0x8800</run_address>
         <size>0x170</size>
         <input_file_ref idref="fl-4c"/>
      </object_component>
      <object_component id="oc-2e5">
         <name>.TI.ramfunc</name>
         <load_address>0x86530</load_address>
         <run_address>0x17000</run_address>
         <size>0x921</size>
         <input_file_ref idref="fl-4b"/>
      </object_component>
      <object_component id="oc-2e6">
         <name>.TI.ramfunc</name>
         <load_address>0x86e51</load_address>
         <run_address>0x17921</run_address>
         <size>0xb9</size>
         <input_file_ref idref="fl-4d"/>
      </object_component>
      <object_component id="oc-9d">
         <name>.TI.ramfunc:retain</name>
         <load_address>0x86f0a</load_address>
         <run_address>0x179da</run_address>
         <size>0xa2</size>
         <input_file_ref idref="fl-4"/>
      </object_component>
      <object_component id="oc-323">
         <name>.TI.ramfunc</name>
         <load_address>0x86fac</load_address>
         <run_address>0x17a7c</run_address>
         <size>0x37</size>
         <input_file_ref idref="fl-1a"/>
      </object_component>
      <object_component id="oc-2e8">
         <name>.TI.ramfunc</name>
         <load_address>0x86fe3</load_address>
         <run_address>0x17ab3</run_address>
         <size>0x32</size>
         <input_file_ref idref="fl-48"/>
      </object_component>
      <object_component id="oc-132">
         <name>.TI.ramfunc</name>
         <load_address>0x87015</load_address>
         <run_address>0x17ae5</run_address>
         <size>0x4</size>
         <input_file_ref idref="fl-21"/>
      </object_component>
      <object_component id="oc-220">
         <name>.TI.ramfunc</name>
         <load_address>0x87019</load_address>
         <run_address>0x17ae9</run_address>
         <size>0x4</size>
         <input_file_ref idref="fl-3b"/>
      </object_component>
      <object_component id="oc-1ad">
         <name>PieVectTableFile</name>
         <uninitialized>true</uninitialized>
         <run_address>0xd00</run_address>
         <size>0x1c0</size>
         <input_file_ref idref="fl-22"/>
      </object_component>
      <object_component id="oc-17a">
         <name>AccessProtectionRegsFile</name>
         <uninitialized>true</uninitialized>
         <run_address>0x5f4c0</run_address>
         <size>0x2e</size>
         <input_file_ref idref="fl-22"/>
      </object_component>
      <object_component id="oc-190">
         <name>AdcaRegsFile</name>
         <uninitialized>true</uninitialized>
         <run_address>0x7400</run_address>
         <size>0x7c</size>
         <input_file_ref idref="fl-22"/>
      </object_component>
      <object_component id="oc-192">
         <name>AdcbRegsFile</name>
         <uninitialized>true</uninitialized>
         <run_address>0x7480</run_address>
         <size>0x7c</size>
         <input_file_ref idref="fl-22"/>
      </object_component>
      <object_component id="oc-193">
         <name>AdccRegsFile</name>
         <uninitialized>true</uninitialized>
         <run_address>0x7500</run_address>
         <size>0x7c</size>
         <input_file_ref idref="fl-22"/>
      </object_component>
      <object_component id="oc-194">
         <name>AdcdRegsFile</name>
         <uninitialized>true</uninitialized>
         <run_address>0x7580</run_address>
         <size>0x7c</size>
         <input_file_ref idref="fl-22"/>
      </object_component>
      <object_component id="oc-152">
         <name>AdcaResultRegsFile</name>
         <uninitialized>true</uninitialized>
         <run_address>0xb00</run_address>
         <size>0x18</size>
         <input_file_ref idref="fl-22"/>
      </object_component>
      <object_component id="oc-153">
         <name>AdcbResultRegsFile</name>
         <uninitialized>true</uninitialized>
         <run_address>0xb20</run_address>
         <size>0x18</size>
         <input_file_ref idref="fl-22"/>
      </object_component>
      <object_component id="oc-154">
         <name>AdccResultRegsFile</name>
         <uninitialized>true</uninitialized>
         <run_address>0xb40</run_address>
         <size>0x18</size>
         <input_file_ref idref="fl-22"/>
      </object_component>
      <object_component id="oc-155">
         <name>AdcdResultRegsFile</name>
         <uninitialized>true</uninitialized>
         <run_address>0xb60</run_address>
         <size>0x18</size>
         <input_file_ref idref="fl-22"/>
      </object_component>
      <object_component id="oc-17e">
         <name>AnalogSubsysRegsFile</name>
         <uninitialized>true</uninitialized>
         <run_address>0x5d180</run_address>
         <size>0x3e</size>
         <input_file_ref idref="fl-22"/>
      </object_component>
      <object_component id="oc-1a9">
         <name>CanaRegsFile</name>
         <uninitialized>true</uninitialized>
         <run_address>0x48000</run_address>
         <size>0x164</size>
         <input_file_ref idref="fl-22"/>
      </object_component>
      <object_component id="oc-1aa">
         <name>CanbRegsFile</name>
         <uninitialized>true</uninitialized>
         <run_address>0x4a000</run_address>
         <size>0x164</size>
         <input_file_ref idref="fl-22"/>
      </object_component>
      <object_component id="oc-17f">
         <name>Cla1RegsFile</name>
         <uninitialized>true</uninitialized>
         <run_address>0x1400</run_address>
         <size>0x3e</size>
         <input_file_ref idref="fl-22"/>
      </object_component>
      <object_component id="oc-1a4">
         <name>Clb1DataExchRegsFile</name>
         <uninitialized>true</uninitialized>
         <run_address>0x3200</run_address>
         <size>0x108</size>
         <input_file_ref idref="fl-22"/>
      </object_component>
      <object_component id="oc-1a5">
         <name>Clb2DataExchRegsFile</name>
         <uninitialized>true</uninitialized>
         <run_address>0x3600</run_address>
         <size>0x108</size>
         <input_file_ref idref="fl-22"/>
      </object_component>
      <object_component id="oc-1a6">
         <name>Clb3DataExchRegsFile</name>
         <uninitialized>true</uninitialized>
         <run_address>0x3a00</run_address>
         <size>0x108</size>
         <input_file_ref idref="fl-22"/>
      </object_component>
      <object_component id="oc-1a7">
         <name>Clb4DataExchRegsFile</name>
         <uninitialized>true</uninitialized>
         <run_address>0x3e00</run_address>
         <size>0x108</size>
         <input_file_ref idref="fl-22"/>
      </object_component>
      <object_component id="oc-180">
         <name>Clb1LogicCfgRegsFile</name>
         <uninitialized>true</uninitialized>
         <run_address>0x3000</run_address>
         <size>0x3e</size>
         <input_file_ref idref="fl-22"/>
      </object_component>
      <object_component id="oc-181">
         <name>Clb2LogicCfgRegsFile</name>
         <uninitialized>true</uninitialized>
         <run_address>0x3400</run_address>
         <size>0x3e</size>
         <input_file_ref idref="fl-22"/>
      </object_component>
      <object_component id="oc-182">
         <name>Clb3LogicCfgRegsFile</name>
         <uninitialized>true</uninitialized>
         <run_address>0x3800</run_address>
         <size>0x3e</size>
         <input_file_ref idref="fl-22"/>
      </object_component>
      <object_component id="oc-183">
         <name>Clb4LogicCfgRegsFile</name>
         <uninitialized>true</uninitialized>
         <run_address>0x3c00</run_address>
         <size>0x3e</size>
         <input_file_ref idref="fl-22"/>
      </object_component>
      <object_component id="oc-184">
         <name>Clb1LogicCtrlRegsFile</name>
         <uninitialized>true</uninitialized>
         <run_address>0x3100</run_address>
         <size>0x40</size>
         <input_file_ref idref="fl-22"/>
      </object_component>
      <object_component id="oc-185">
         <name>Clb2LogicCtrlRegsFile</name>
         <uninitialized>true</uninitialized>
         <run_address>0x3500</run_address>
         <size>0x40</size>
         <input_file_ref idref="fl-22"/>
      </object_component>
      <object_component id="oc-186">
         <name>Clb3LogicCtrlRegsFile</name>
         <uninitialized>true</uninitialized>
         <run_address>0x3900</run_address>
         <size>0x40</size>
         <input_file_ref idref="fl-22"/>
      </object_component>
      <object_component id="oc-187">
         <name>Clb4LogicCtrlRegsFile</name>
         <uninitialized>true</uninitialized>
         <run_address>0x3d00</run_address>
         <size>0x40</size>
         <input_file_ref idref="fl-22"/>
      </object_component>
      <object_component id="oc-188">
         <name>ClbXbarRegsFile</name>
         <uninitialized>true</uninitialized>
         <run_address>0x7a40</run_address>
         <size>0x40</size>
         <input_file_ref idref="fl-22"/>
      </object_component>
      <object_component id="oc-17c">
         <name>ClkCfgRegsFile</name>
         <uninitialized>true</uninitialized>
         <run_address>0x5d200</run_address>
         <size>0x32</size>
         <input_file_ref idref="fl-22"/>
      </object_component>
      <object_component id="oc-15f">
         <name>Cmpss1RegsFile</name>
         <uninitialized>true</uninitialized>
         <run_address>0x5c80</run_address>
         <size>0x1b</size>
         <input_file_ref idref="fl-22"/>
      </object_component>
      <object_component id="oc-160">
         <name>Cmpss2RegsFile</name>
         <uninitialized>true</uninitialized>
         <run_address>0x5ca0</run_address>
         <size>0x1b</size>
         <input_file_ref idref="fl-22"/>
      </object_component>
      <object_component id="oc-161">
         <name>Cmpss3RegsFile</name>
         <uninitialized>true</uninitialized>
         <run_address>0x5cc0</run_address>
         <size>0x1b</size>
         <input_file_ref idref="fl-22"/>
      </object_component>
      <object_component id="oc-162">
         <name>Cmpss4RegsFile</name>
         <uninitialized>true</uninitialized>
         <run_address>0x5ce0</run_address>
         <size>0x1b</size>
         <input_file_ref idref="fl-22"/>
      </object_component>
      <object_component id="oc-163">
         <name>Cmpss5RegsFile</name>
         <uninitialized>true</uninitialized>
         <run_address>0x5d00</run_address>
         <size>0x1b</size>
         <input_file_ref idref="fl-22"/>
      </object_component>
      <object_component id="oc-164">
         <name>Cmpss6RegsFile</name>
         <uninitialized>true</uninitialized>
         <run_address>0x5d20</run_address>
         <size>0x1b</size>
         <input_file_ref idref="fl-22"/>
      </object_component>
      <object_component id="oc-165">
         <name>Cmpss7RegsFile</name>
         <uninitialized>true</uninitialized>
         <run_address>0x5d40</run_address>
         <size>0x1b</size>
         <input_file_ref idref="fl-22"/>
      </object_component>
      <object_component id="oc-166">
         <name>Cmpss8RegsFile</name>
         <uninitialized>true</uninitialized>
         <run_address>0x5d60</run_address>
         <size>0x1b</size>
         <input_file_ref idref="fl-22"/>
      </object_component>
      <object_component id="oc-141">
         <name>CpuTimer0RegsFile</name>
         <uninitialized>true</uninitialized>
         <run_address>0xc00</run_address>
         <size>0x8</size>
         <input_file_ref idref="fl-22"/>
      </object_component>
      <object_component id="oc-142">
         <name>CpuTimer1RegsFile</name>
         <uninitialized>true</uninitialized>
         <run_address>0xc08</run_address>
         <size>0x8</size>
         <input_file_ref idref="fl-22"/>
      </object_component>
      <object_component id="oc-143">
         <name>CpuTimer2RegsFile</name>
         <uninitialized>true</uninitialized>
         <run_address>0xc10</run_address>
         <size>0x8</size>
         <input_file_ref idref="fl-22"/>
      </object_component>
      <object_component id="oc-195">
         <name>CpuSysRegsFile</name>
         <uninitialized>true</uninitialized>
         <run_address>0x5d300</run_address>
         <size>0x82</size>
         <input_file_ref idref="fl-22"/>
      </object_component>
      <object_component id="oc-13d">
         <name>DacaRegsFile</name>
         <uninitialized>true</uninitialized>
         <run_address>0x5c00</run_address>
         <size>0x7</size>
         <input_file_ref idref="fl-22"/>
      </object_component>
      <object_component id="oc-13e">
         <name>DacbRegsFile</name>
         <uninitialized>true</uninitialized>
         <run_address>0x5c10</run_address>
         <size>0x7</size>
         <input_file_ref idref="fl-22"/>
      </object_component>
      <object_component id="oc-13f">
         <name>DaccRegsFile</name>
         <uninitialized>true</uninitialized>
         <run_address>0x5c20</run_address>
         <size>0x7</size>
         <input_file_ref idref="fl-22"/>
      </object_component>
      <object_component id="oc-13b">
         <name>DcsmCommonRegsFile</name>
         <uninitialized>true</uninitialized>
         <run_address>0x5f070</run_address>
         <size>0x6</size>
         <input_file_ref idref="fl-22"/>
      </object_component>
      <object_component id="oc-169">
         <name>DcsmZ1RegsFile</name>
         <uninitialized>true</uninitialized>
         <run_address>0x5f000</run_address>
         <size>0x22</size>
         <input_file_ref idref="fl-22"/>
      </object_component>
      <object_component id="oc-16a">
         <name>DcsmZ2RegsFile</name>
         <uninitialized>true</uninitialized>
         <run_address>0x5f040</run_address>
         <size>0x22</size>
         <input_file_ref idref="fl-22"/>
      </object_component>
      <object_component id="oc-1a8">
         <name>DevCfgRegsFile</name>
         <uninitialized>true</uninitialized>
         <run_address>0x5d000</run_address>
         <size>0x12e</size>
         <input_file_ref idref="fl-22"/>
      </object_component>
      <object_component id="oc-156">
         <name>DmaClaSrcSelRegsFile</name>
         <uninitialized>true</uninitialized>
         <run_address>0x7980</run_address>
         <size>0x1a</size>
         <input_file_ref idref="fl-22"/>
      </object_component>
      <object_component id="oc-196">
         <name>DmaRegsFile</name>
         <uninitialized>true</uninitialized>
         <run_address>0x1000</run_address>
         <size>0xe0</size>
         <input_file_ref idref="fl-22"/>
      </object_component>
      <object_component id="oc-157">
         <name>ECap1RegsFile</name>
         <uninitialized>true</uninitialized>
         <run_address>0x5000</run_address>
         <size>0x1a</size>
         <input_file_ref idref="fl-22"/>
      </object_component>
      <object_component id="oc-159">
         <name>ECap2RegsFile</name>
         <uninitialized>true</uninitialized>
         <run_address>0x5020</run_address>
         <size>0x1a</size>
         <input_file_ref idref="fl-22"/>
      </object_component>
      <object_component id="oc-15a">
         <name>ECap3RegsFile</name>
         <uninitialized>true</uninitialized>
         <run_address>0x5040</run_address>
         <size>0x1a</size>
         <input_file_ref idref="fl-22"/>
      </object_component>
      <object_component id="oc-15b">
         <name>ECap4RegsFile</name>
         <uninitialized>true</uninitialized>
         <run_address>0x5060</run_address>
         <size>0x1a</size>
         <input_file_ref idref="fl-22"/>
      </object_component>
      <object_component id="oc-15c">
         <name>ECap5RegsFile</name>
         <uninitialized>true</uninitialized>
         <run_address>0x5080</run_address>
         <size>0x1a</size>
         <input_file_ref idref="fl-22"/>
      </object_component>
      <object_component id="oc-15d">
         <name>ECap6RegsFile</name>
         <uninitialized>true</uninitialized>
         <run_address>0x50a0</run_address>
         <size>0x1a</size>
         <input_file_ref idref="fl-22"/>
      </object_component>
      <object_component id="oc-144">
         <name>Emif1ConfigRegsFile</name>
         <uninitialized>true</uninitialized>
         <run_address>0x5f480</run_address>
         <size>0xa</size>
         <input_file_ref idref="fl-22"/>
      </object_component>
      <object_component id="oc-145">
         <name>Emif2ConfigRegsFile</name>
         <uninitialized>true</uninitialized>
         <run_address>0x5f4a0</run_address>
         <size>0xa</size>
         <input_file_ref idref="fl-22"/>
      </object_component>
      <object_component id="oc-176">
         <name>Emif1RegsFile</name>
         <uninitialized>true</uninitialized>
         <run_address>0x47000</run_address>
         <size>0x28</size>
         <input_file_ref idref="fl-22"/>
      </object_component>
      <object_component id="oc-177">
         <name>Emif2RegsFile</name>
         <uninitialized>true</uninitialized>
         <run_address>0x47800</run_address>
         <size>0x28</size>
         <input_file_ref idref="fl-22"/>
      </object_component>
      <object_component id="oc-197">
         <name>EPwm1RegsFile</name>
         <uninitialized>true</uninitialized>
         <run_address>0x4000</run_address>
         <size>0x100</size>
         <input_file_ref idref="fl-22"/>
      </object_component>
      <object_component id="oc-199">
         <name>EPwm2RegsFile</name>
         <uninitialized>true</uninitialized>
         <run_address>0x4100</run_address>
         <size>0x100</size>
         <input_file_ref idref="fl-22"/>
      </object_component>
      <object_component id="oc-19a">
         <name>EPwm3RegsFile</name>
         <uninitialized>true</uninitialized>
         <run_address>0x4200</run_address>
         <size>0x100</size>
         <input_file_ref idref="fl-22"/>
      </object_component>
      <object_component id="oc-19b">
         <name>EPwm4RegsFile</name>
         <uninitialized>true</uninitialized>
         <run_address>0x4300</run_address>
         <size>0x100</size>
         <input_file_ref idref="fl-22"/>
      </object_component>
      <object_component id="oc-19c">
         <name>EPwm5RegsFile</name>
         <uninitialized>true</uninitialized>
         <run_address>0x4400</run_address>
         <size>0x100</size>
         <input_file_ref idref="fl-22"/>
      </object_component>
      <object_component id="oc-19d">
         <name>EPwm6RegsFile</name>
         <uninitialized>true</uninitialized>
         <run_address>0x4500</run_address>
         <size>0x100</size>
         <input_file_ref idref="fl-22"/>
      </object_component>
      <object_component id="oc-19e">
         <name>EPwm7RegsFile</name>
         <uninitialized>true</uninitialized>
         <run_address>0x4600</run_address>
         <size>0x100</size>
         <input_file_ref idref="fl-22"/>
      </object_component>
      <object_component id="oc-19f">
         <name>EPwm8RegsFile</name>
         <uninitialized>true</uninitialized>
         <run_address>0x4700</run_address>
         <size>0x100</size>
         <input_file_ref idref="fl-22"/>
      </object_component>
      <object_component id="oc-1a0">
         <name>EPwm9RegsFile</name>
         <uninitialized>true</uninitialized>
         <run_address>0x4800</run_address>
         <size>0x100</size>
         <input_file_ref idref="fl-22"/>
      </object_component>
      <object_component id="oc-1a1">
         <name>EPwm10RegsFile</name>
         <uninitialized>true</uninitialized>
         <run_address>0x4900</run_address>
         <size>0x100</size>
         <input_file_ref idref="fl-22"/>
      </object_component>
      <object_component id="oc-1a2">
         <name>EPwm11RegsFile</name>
         <uninitialized>true</uninitialized>
         <run_address>0x4a00</run_address>
         <size>0x100</size>
         <input_file_ref idref="fl-22"/>
      </object_component>
      <object_component id="oc-1a3">
         <name>EPwm12RegsFile</name>
         <uninitialized>true</uninitialized>
         <run_address>0x4b00</run_address>
         <size>0x100</size>
         <input_file_ref idref="fl-22"/>
      </object_component>
      <object_component id="oc-189">
         <name>EPwmXbarRegsFile</name>
         <uninitialized>true</uninitialized>
         <run_address>0x7a00</run_address>
         <size>0x40</size>
         <input_file_ref idref="fl-22"/>
      </object_component>
      <object_component id="oc-16b">
         <name>EQep1RegsFile</name>
         <uninitialized>true</uninitialized>
         <run_address>0x5100</run_address>
         <size>0x22</size>
         <input_file_ref idref="fl-22"/>
      </object_component>
      <object_component id="oc-16d">
         <name>EQep2RegsFile</name>
         <uninitialized>true</uninitialized>
         <run_address>0x5140</run_address>
         <size>0x22</size>
         <input_file_ref idref="fl-22"/>
      </object_component>
      <object_component id="oc-16e">
         <name>EQep3RegsFile</name>
         <uninitialized>true</uninitialized>
         <run_address>0x5180</run_address>
         <size>0x22</size>
         <input_file_ref idref="fl-22"/>
      </object_component>
      <object_component id="oc-1ac">
         <name>Flash0CtrlRegsFile</name>
         <uninitialized>true</uninitialized>
         <run_address>0x5f800</run_address>
         <size>0x182</size>
         <input_file_ref idref="fl-22"/>
      </object_component>
      <object_component id="oc-178">
         <name>Flash0EccRegsFile</name>
         <uninitialized>true</uninitialized>
         <run_address>0x5fb00</run_address>
         <size>0x28</size>
         <input_file_ref idref="fl-22"/>
      </object_component>
      <object_component id="oc-138">
         <name>FlashPumpSemaphoreRegsFile</name>
         <uninitialized>true</uninitialized>
         <run_address>0x50024</run_address>
         <size>0x2</size>
         <input_file_ref idref="fl-22"/>
      </object_component>
      <object_component id="oc-1ab">
         <name>GpioCtrlRegsFile</name>
         <uninitialized>true</uninitialized>
         <run_address>0x7c00</run_address>
         <size>0x180</size>
         <input_file_ref idref="fl-22"/>
      </object_component>
      <object_component id="oc-17b">
         <name>GpioDataRegsFile</name>
         <uninitialized>true</uninitialized>
         <run_address>0x7f00</run_address>
         <size>0x30</size>
         <input_file_ref idref="fl-22"/>
      </object_component>
      <object_component id="oc-16f">
         <name>I2caRegsFile</name>
         <uninitialized>true</uninitialized>
         <run_address>0x7300</run_address>
         <size>0x22</size>
         <input_file_ref idref="fl-22"/>
      </object_component>
      <object_component id="oc-171">
         <name>I2cbRegsFile</name>
         <uninitialized>true</uninitialized>
         <run_address>0x7340</run_address>
         <size>0x22</size>
         <input_file_ref idref="fl-22"/>
      </object_component>
      <object_component id="oc-167">
         <name>InputXbarRegsFile</name>
         <uninitialized>true</uninitialized>
         <run_address>0x7900</run_address>
         <size>0x20</size>
         <input_file_ref idref="fl-22"/>
      </object_component>
      <object_component id="oc-172">
         <name>IpcRegsFile</name>
         <uninitialized>true</uninitialized>
         <run_address>0x50000</run_address>
         <size>0x24</size>
         <input_file_ref idref="fl-22"/>
      </object_component>
      <object_component id="oc-17d">
         <name>MemoryErrorRegsFile</name>
         <uninitialized>true</uninitialized>
         <run_address>0x5f500</run_address>
         <size>0x3a</size>
         <input_file_ref idref="fl-22"/>
      </object_component>
      <object_component id="oc-18f">
         <name>MemCfgRegsFile</name>
         <uninitialized>true</uninitialized>
         <run_address>0x5f400</run_address>
         <size>0x76</size>
         <input_file_ref idref="fl-22"/>
      </object_component>
      <object_component id="oc-173">
         <name>McbspaRegsFile</name>
         <uninitialized>true</uninitialized>
         <run_address>0x6000</run_address>
         <size>0x24</size>
         <input_file_ref idref="fl-22"/>
      </object_component>
      <object_component id="oc-175">
         <name>McbspbRegsFile</name>
         <uninitialized>true</uninitialized>
         <run_address>0x6040</run_address>
         <size>0x24</size>
         <input_file_ref idref="fl-22"/>
      </object_component>
      <object_component id="oc-140">
         <name>NmiIntruptRegsFile</name>
         <uninitialized>true</uninitialized>
         <run_address>0x7060</run_address>
         <size>0x7</size>
         <input_file_ref idref="fl-22"/>
      </object_component>
      <object_component id="oc-18a">
         <name>OutputXbarRegsFile</name>
         <uninitialized>true</uninitialized>
         <run_address>0x7a80</run_address>
         <size>0x40</size>
         <input_file_ref idref="fl-22"/>
      </object_component>
      <object_component id="oc-15e">
         <name>PieCtrlRegsFile</name>
         <uninitialized>true</uninitialized>
         <run_address>0xce0</run_address>
         <size>0x1a</size>
         <input_file_ref idref="fl-22"/>
      </object_component>
      <object_component id="oc-139">
         <name>RomPrefetchRegsFile</name>
         <uninitialized>true</uninitialized>
         <run_address>0x5e608</run_address>
         <size>0x2</size>
         <input_file_ref idref="fl-22"/>
      </object_component>
      <object_component id="oc-13a">
         <name>RomWaitStateRegsFile</name>
         <uninitialized>true</uninitialized>
         <run_address>0x5f540</run_address>
         <size>0x2</size>
         <input_file_ref idref="fl-22"/>
      </object_component>
      <object_component id="oc-148">
         <name>SciaRegsFile</name>
         <uninitialized>true</uninitialized>
         <run_address>0x7200</run_address>
         <size>0x10</size>
         <input_file_ref idref="fl-22"/>
      </object_component>
      <object_component id="oc-14a">
         <name>ScibRegsFile</name>
         <uninitialized>true</uninitialized>
         <run_address>0x7210</run_address>
         <size>0x10</size>
         <input_file_ref idref="fl-22"/>
      </object_component>
      <object_component id="oc-14b">
         <name>ScicRegsFile</name>
         <uninitialized>true</uninitialized>
         <run_address>0x7220</run_address>
         <size>0x10</size>
         <input_file_ref idref="fl-22"/>
      </object_component>
      <object_component id="oc-14c">
         <name>ScidRegsFile</name>
         <uninitialized>true</uninitialized>
         <run_address>0x7230</run_address>
         <size>0x10</size>
         <input_file_ref idref="fl-22"/>
      </object_component>
      <object_component id="oc-18b">
         <name>Sdfm1RegsFile</name>
         <uninitialized>true</uninitialized>
         <run_address>0x5e00</run_address>
         <size>0x48</size>
         <input_file_ref idref="fl-22"/>
      </object_component>
      <object_component id="oc-18d">
         <name>Sdfm2RegsFile</name>
         <uninitialized>true</uninitialized>
         <run_address>0x5e80</run_address>
         <size>0x48</size>
         <input_file_ref idref="fl-22"/>
      </object_component>
      <object_component id="oc-14d">
         <name>SpiaRegsFile</name>
         <uninitialized>true</uninitialized>
         <run_address>0x6100</run_address>
         <size>0x10</size>
         <input_file_ref idref="fl-22"/>
      </object_component>
      <object_component id="oc-14f">
         <name>SpibRegsFile</name>
         <uninitialized>true</uninitialized>
         <run_address>0x6110</run_address>
         <size>0x10</size>
         <input_file_ref idref="fl-22"/>
      </object_component>
      <object_component id="oc-150">
         <name>SpicRegsFile</name>
         <uninitialized>true</uninitialized>
         <run_address>0x6120</run_address>
         <size>0x10</size>
         <input_file_ref idref="fl-22"/>
      </object_component>
      <object_component id="oc-13c">
         <name>SyncSocRegsFile</name>
         <uninitialized>true</uninitialized>
         <run_address>0x7940</run_address>
         <size>0x6</size>
         <input_file_ref idref="fl-22"/>
      </object_component>
      <object_component id="oc-18e">
         <name>UppRegsFile</name>
         <uninitialized>true</uninitialized>
         <run_address>0x6200</run_address>
         <size>0x48</size>
         <input_file_ref idref="fl-22"/>
      </object_component>
      <object_component id="oc-179">
         <name>WdRegsFile</name>
         <uninitialized>true</uninitialized>
         <run_address>0x7000</run_address>
         <size>0x2b</size>
         <input_file_ref idref="fl-22"/>
      </object_component>
      <object_component id="oc-151">
         <name>UidRegsFile</name>
         <uninitialized>true</uninitialized>
         <run_address>0x703c0</run_address>
         <size>0x10</size>
         <input_file_ref idref="fl-22"/>
      </object_component>
      <object_component id="oc-147">
         <name>XbarRegsFile</name>
         <uninitialized>true</uninitialized>
         <run_address>0x7920</run_address>
         <size>0xe</size>
         <input_file_ref idref="fl-22"/>
      </object_component>
      <object_component id="oc-146">
         <name>XintRegsFile</name>
         <uninitialized>true</uninitialized>
         <run_address>0x7070</run_address>
         <size>0xb</size>
         <input_file_ref idref="fl-22"/>
      </object_component>
      <object_component id="oc-8f">
         <name>.debug_info</name>
         <load_address>0x0</load_address>
         <run_address>0x0</run_address>
         <size>0x5eb1</size>
         <input_file_ref idref="fl-2"/>
      </object_component>
      <object_component id="oc-95">
         <name>.debug_info</name>
         <load_address>0x5eb1</load_address>
         <run_address>0x5eb1</run_address>
[...]
      </symbol>
      <symbol id="sm-bf3">
         <name>_sSciTOFFCom</name>
         <value>0x82d43</value>
         <object_component_ref idref="oc-2e9"/>
      </symbol>
      <symbol id="sm-bf5">
         <name>_sSciResetRx</name>
         <value>0x82f21</value>
         <object_component_ref idref="oc-2e9"/>
      </symbol>
      <symbol id="sm-bf7">
         <name>_sbNumToXXxxx</name>
         <value>0x831c2</value>
         <object_component_ref idref="oc-2e9"/>
      </symbol>
      <symbol id="sm-bf9">
         <name>_bQueueBuffer</name>
         <value>0xe500</value>
         <object_component_ref idref="oc-309"/>
      </symbol>
      <symbol id="sm-bfa">
         <name>_sSendMatlabGraphdata</name>
         <value>0x82c5a</value>
         <object_component_ref idref="oc-2e9"/>
      </symbol>
      <symbol id="sm-bfc">
         <name>_wBinaryMode</name>
         <value>0xe4ab</value>
         <object_component_ref idref="oc-295"/>
      </symbol>
      <symbol id="sm-bfd">
         <name>_sSciQ3Com</name>
         <value>0x82c9a</value>
         <object_component_ref idref="oc-2e9"/>
      </symbol>
      <symbol id="sm-bff">
         <name>_sSciResetTx</name>
         <value>0x82f36</value>
         <object_component_ref idref="oc-2e9"/>
      </symbol>
      <symbol id="sm-c01">
         <name>_sRs232Chk</name>
         <value>0x82a05</value>
         <object_component_ref idref="oc-2e9"/>
      </symbol>
      <symbol id="sm-c03">
         <name>_i16_GraphIdTab</name>
         <value>0xe440</value>
         <object_component_ref idref="oc-2f4"/>
      </symbol>
      <symbol id="sm-c04">
         <name>_sSciStopTx0</name>
         <value>0x82fcd</value>
         <object_component_ref idref="oc-2e9"/>
      </symbol>
      <symbol id="sm-c06">
         <name>_sSciStopTx1</name>
         <value>0x82fd2</value>
         <object_component_ref idref="oc-2e9"/>
      </symbol>
      <symbol id="sm-c08">
         <name>_sSciStopTx2</name>
         <value>0x82fd7</value>
         <object_component_ref idref="oc-2e9"/>
      </symbol>
      <symbol id="sm-c0a">
         <name>_sSciResetRx0</name>
         <value>0x82ffa</value>
         <object_component_ref idref="oc-2e9"/>
      </symbol>
      <symbol id="sm-c0c">
         <name>_sSciResetRx1</name>
         <value>0x82ffb</value>
         <object_component_ref idref="oc-2e9"/>
      </symbol>
      <symbol id="sm-c0e">
         <name>_sSciResetRx2</name>
         <value>0x82ffc</value>
         <object_component_ref idref="oc-2e9"/>
      </symbol>
      <symbol id="sm-c10">
         <name>_sSciStartRx</name>
         <value>0x82f0c</value>
         <object_component_ref idref="oc-2e9"/>
      </symbol>
      <symbol id="sm-c12">
         <name>_sSplit</name>
         <value>0x82e3e</value>
         <object_component_ref idref="oc-2e9"/>
      </symbol>
      <symbol id="sm-c14">
         <name>_bUserDataBuf</name>
         <value>0xe280</value>
         <object_component_ref idref="oc-306"/>
      </symbol>
      <symbol id="sm-c15">
         <name>_sDataLog</name>
         <value>0x17921</value>
         <object_component_ref idref="oc-2e6"/>
      </symbol>
      <symbol id="sm-c17">
         <name>_Gui_CH3_ID</name>
         <value>0xe4b6</value>
         <object_component_ref idref="oc-295"/>
      </symbol>
      <symbol id="sm-c18">
         <name>_f32_GraphIdTab</name>
         <value>0xe3c0</value>
         <object_component_ref idref="oc-2f9"/>
      </symbol>
      <symbol id="sm-c19">
         <name>_sSciRead</name>
         <value>0x82da9</value>
         <object_component_ref idref="oc-2e9"/>
      </symbol>
      <symbol id="sm-c1b">
         <name>_sSciWriteBinary</name>
         <value>0x82e49</value>
         <object_component_ref idref="oc-2e9"/>
      </symbol>
      <symbol id="sm-c1d">
         <name>_sSciTxData</name>
         <value>0x82ec4</value>
         <object_component_ref idref="oc-2e9"/>
      </symbol>
      <symbol id="sm-c1f">
         <name>_sbNumToXxxxx</name>
         <value>0x831ed</value>
         <object_component_ref idref="oc-2e9"/>
      </symbol>
      <symbol id="sm-c21">
         <name>_sSciTONCom</name>
         <value>0x82d3b</value>
         <object_component_ref idref="oc-2e9"/>
      </symbol>
      <symbol id="sm-c23">
         <name>_wDataLogPointer</name>
         <value>0xe4bb</value>
         <object_component_ref idref="oc-295"/>
      </symbol>
      <symbol id="sm-c24">
         <name>_sParsing</name>
         <value>0x82a79</value>
         <object_component_ref idref="oc-2e9"/>
      </symbol>
      <symbol id="sm-c26">
         <name>_bSciDataTemp</name>
         <value>0xe4af</value>
         <object_component_ref idref="oc-295"/>
      </symbol>
      <symbol id="sm-c27">
         <name>_sbSciGetRxRdy</name>
         <value>0x82e9a</value>
         <object_component_ref idref="oc-2e9"/>
      </symbol>
      <symbol id="sm-c29">
         <name>_bLowByte</name>
         <value>0xe4ad</value>
         <object_component_ref idref="oc-295"/>
      </symbol>
      <symbol id="sm-c2a">
         <name>_sSciQDCom</name>
         <value>0x82c5b</value>
         <object_component_ref idref="oc-2e9"/>
      </symbol>
      <symbol id="sm-c2c">
         <name>_uwCommandLength</name>
         <value>0xe57e</value>
         <object_component_ref idref="oc-304"/>
      </symbol>
      <symbol id="sm-c2d">
         <name>_sQInit</name>
         <value>0x83000</value>
         <object_component_ref idref="oc-2e9"/>
      </symbol>
      <symbol id="sm-c2f">
         <name>_uwTriggerWaiting</name>
         <value>0xe4a9</value>
         <object_component_ref idref="oc-295"/>
      </symbol>
      <symbol id="sm-c30">
         <name>_Gui_CH2_ID</name>
         <value>0xe4b5</value>
         <object_component_ref idref="oc-295"/>
      </symbol>
      <symbol id="sm-c31">
         <name>_sSciStopTx</name>
         <value>0x82edd</value>
         <object_component_ref idref="oc-2e9"/>
      </symbol>
      <symbol id="sm-c33">
         <name>_GetCheckSum</name>
         <value>0x82aff</value>
         <object_component_ref idref="oc-2e9"/>
      </symbol>
      <symbol id="sm-c35">
         <name>_sDataLogInit</name>
         <value>0x829f2</value>
         <object_component_ref idref="oc-2e9"/>
      </symbol>
      <symbol id="sm-c37">
         <name>_sbSciGetRxData</name>
         <value>0x82e85</value>
         <object_component_ref idref="oc-2e9"/>
      </symbol>
      <symbol id="sm-c39">
         <name>_sSciTxISR</name>
         <value>0x82dc6</value>
         <object_component_ref idref="oc-2e9"/>
      </symbol>
      <symbol id="sm-c3b">
         <name>_Gui_wLogStatus</name>
         <value>0xe4b9</value>
         <object_component_ref idref="oc-295"/>
      </symbol>
      <symbol id="sm-c3c">
         <name>_bSendHighHalfByte</name>
         <value>0xe4ae</value>
         <object_component_ref idref="oc-295"/>
      </symbol>
      <symbol id="sm-c3d">
         <name>_uwInterval</name>
         <value>0xe4a5</value>
         <object_component_ref idref="oc-295"/>
      </symbol>
      <symbol id="sm-c3e">
         <name>_sbNumAsciiPick</name>
         <value>0x83218</value>
         <object_component_ref idref="oc-2e9"/>
      </symbol>
      <symbol id="sm-c40">
         <name>_sSciStopRx</name>
         <value>0x82ef7</value>
         <object_component_ref idref="oc-2e9"/>
      </symbol>
      <symbol id="sm-c42">
         <name>_Gui_wSampleLength</name>
         <value>0xe4b3</value>
         <object_component_ref idref="oc-295"/>
      </symbol>
      <symbol id="sm-c43">
         <name>_sbSciGetTxRdy</name>
         <value>0x82eaf</value>
         <object_component_ref idref="oc-2e9"/>
      </symbol>
      <symbol id="sm-c45">
         <name>_u16_Tx2RxFlag</name>
         <value>0xe57d</value>
         <object_component_ref idref="oc-2e7"/>
      </symbol>
      <symbol id="sm-c46">
         <name>_bCommandBuffer</name>
         <value>0xe4c0</value>
         <object_component_ref idref="oc-305"/>
      </symbol>
      <symbol id="sm-c47">
         <name>_sbGetSciRxRdy1</name>
         <value>0x82f65</value>
         <object_component_ref idref="oc-2e9"/>
      </symbol>
      <symbol id="sm-c49">
         <name>_sbGetSciRxRdy0</name>
         <value>0x82f5a</value>
         <object_component_ref idref="oc-2e9"/>
      </symbol>
      <symbol id="sm-c4b">
         <name>_sbGetSciRxRdy2</name>
         <value>0x82f70</value>
         <object_component_ref idref="oc-2e9"/>
      </symbol>
      <symbol id="sm-c4d">
         <name>_sbGetSciTxRdy1</name>
         <value>0x82f86</value>
         <object_component_ref idref="oc-2e9"/>
      </symbol>
      <symbol id="sm-c4f">
         <name>_sbGetSciTxRdy0</name>
         <value>0x82f7b</value>
         <object_component_ref idref="oc-2e9"/>
      </symbol>
      <symbol id="sm-c51">
         <name>_sbGetSciTxRdy2</name>
         <value>0x82f91</value>
         <object_component_ref idref="oc-2e9"/>
      </symbol>
      <symbol id="sm-c53">
         <name>_uwTrigger</name>
         <value>0xe4a7</value>
         <object_component_ref idref="oc-295"/>
      </symbol>
      <symbol id="sm-c54">
         <name>_sbNumToXXXx</name>
         <value>0x830d7</value>
         <object_component_ref idref="oc-2e9"/>
      </symbol>
      <symbol id="sm-c56">
         <name>_sSendGuiGraphData</name>
         <value>0x82ae6</value>
         <object_component_ref idref="oc-2e9"/>
      </symbol>
      <symbol id="sm-c58">
         <name>_sbNumToXXXX</name>
         <value>0x83276</value>
         <object_component_ref idref="oc-2e9"/>
      </symbol>
      <symbol id="sm-c5a">
         <name>_sInitialSci</name>
         <value>0x82d4b</value>
         <object_component_ref idref="oc-2e9"/>
      </symbol>
      <symbol id="sm-c5c">
         <name>_wDataLogCnt</name>
         <value>0xe4ba</value>
         <object_component_ref idref="oc-295"/>
      </symbol>
      <symbol id="sm-c5d">
         <name>_sbNumToXXXXX</name>
         <value>0x832a1</value>
         <object_component_ref idref="oc-2e9"/>
      </symbol>
      <symbol id="sm-c5f">
         <name>_sQ1Command</name>
         <value>0x82b12</value>
         <object_component_ref idref="oc-2e9"/>
      </symbol>
      <symbol id="sm-c61">
         <name>_sSciResetTx0</name>
         <value>0x82ffd</value>
         <object_component_ref idref="oc-2e9"/>
      </symbol>
      <symbol id="sm-c63">
         <name>_sSciResetTx1</name>
         <value>0x82ffe</value>
         <object_component_ref idref="oc-2e9"/>
      </symbol>
      <symbol id="sm-c65">
         <name>_sSciResetTx2</name>
         <value>0x82fff</value>
         <object_component_ref idref="oc-2e9"/>
      </symbol>
      <symbol id="sm-c67">
         <name>_sSciRxISR</name>
         <value>0x82d8a</value>
         <object_component_ref idref="oc-2e9"/>
      </symbol>
      <symbol id="sm-c69">
         <name>_sQDataOut</name>
         <value>0x830a6</value>
         <object_component_ref idref="oc-2e9"/>
      </symbol>
      <symbol id="sm-c6b">
         <name>_bHighByte</name>
         <value>0xe4ac</value>
         <object_component_ref idref="oc-295"/>
      </symbol>
      <symbol id="sm-c6c">
         <name>_wscitasktest</name>
         <value>0xe4b1</value>
         <object_component_ref idref="oc-295"/>
      </symbol>
      <symbol id="sm-c6d">
         <name>_sSciGetTxStatus</name>
         <value>0x82e78</value>
         <object_component_ref idref="oc-2e9"/>
      </symbol>
      <symbol id="sm-c6f">
         <name>_Gui_CH4_ID</name>
         <value>0xe4b7</value>
         <object_component_ref idref="oc-295"/>
      </symbol>
      <symbol id="sm-c70">
         <name>_sSciStopRx0</name>
         <value>0x82fdc</value>
         <object_component_ref idref="oc-2e9"/>
      </symbol>
      <symbol id="sm-c72">
         <name>_sSciStopRx1</name>
         <value>0x82fe1</value>
         <object_component_ref idref="oc-2e9"/>
      </symbol>
      <symbol id="sm-c74">
         <name>_sSciStopRx2</name>
         <value>0x82fe6</value>
         <object_component_ref idref="oc-2e9"/>
      </symbol>
      <symbol id="sm-c76">
         <name>_pbCmdBuffer</name>
         <value>0xe33e</value>
         <object_component_ref idref="oc-303"/>
      </symbol>
      <symbol id="sm-c77">
         <name>_uwSnatchDataCnt</name>
         <value>0xe4aa</value>
         <object_component_ref idref="oc-295"/>
      </symbol>
      <symbol id="sm-c78">
         <name>_u16_MatlabGraphDataStart</name>
         <value>0xe4b0</value>
         <object_component_ref idref="oc-295"/>
      </symbol>
      <symbol id="sm-c79">
         <name>_sbNumToXXxx</name>
         <value>0x83137</value>
         <object_component_ref idref="oc-2e9"/>
      </symbol>
      <symbol id="sm-c7b">
         <name>_uwInterval1</name>
         <value>0xe4a6</value>
         <object_component_ref idref="oc-295"/>
      </symbol>
      <symbol id="sm-c7c">
         <name>_uwTriggerSource</name>
         <value>0xe4a8</value>
         <object_component_ref idref="oc-295"/>
      </symbol>
      <symbol id="sm-c7d">
         <name>_sbNumToXXXxx</name>
         <value>0x83197</value>
         <object_component_ref idref="oc-2e9"/>
      </symbol>
      <symbol id="sm-c7f">
         <name>_uwTranmitDataBuff</name>
         <value>0xd000</value>
         <object_component_ref idref="oc-301"/>
      </symbol>
      <symbol id="sm-c80">
         <name>_sSciWrite</name>
         <value>0x82e12</value>
         <object_component_ref idref="oc-2e9"/>
      </symbol>
      <symbol id="sm-c82">
         <name>_bConoffCnt</name>
         <value>0xe4a4</value>
         <object_component_ref idref="oc-295"/>
      </symbol>
      <symbol id="sm-c83">
         <name>_Gui_CH1_ID</name>
         <value>0xe4b4</value>
         <object_component_ref idref="oc-295"/>
      </symbol>
      <symbol id="sm-c84">
         <name>_SciList</name>
         <value>0xe532</value>
         <object_component_ref idref="oc-307"/>
      </symbol>
      <symbol id="sm-c85">
         <name>_sSciStartRx1</name>
         <value>0x82ff0</value>
         <object_component_ref idref="oc-2e9"/>
      </symbol>
      <symbol id="sm-c87">
         <name>_sSciStartRx0</name>
         <value>0x82feb</value>
         <object_component_ref idref="oc-2e9"/>
      </symbol>
      <symbol id="sm-c89">
         <name>_sSciStartRx2</name>
         <value>0x82ff5</value>
         <object_component_ref idref="oc-2e9"/>
      </symbol>
      <symbol id="sm-c8b">
         <name>_sQDataIn</name>
         <value>0x83019</value>
         <object_component_ref idref="oc-2e9"/>
      </symbol>
      <symbol id="sm-c8d">
         <name>_Gui_wLogEnable</name>
         <value>0xe4b8</value>
         <object_component_ref idref="oc-295"/>
      </symbol>
      <symbol id="sm-c8e">
         <name>_sbNumToXXxxUnit</name>
         <value>0x83165</value>
         <object_component_ref idref="oc-2e9"/>
      </symbol>
      <symbol id="sm-c90">
         <name>_QList</name>
         <value>0xe334</value>
         <object_component_ref idref="oc-308"/>
      </symbol>
      <symbol id="sm-cab">
         <name>_c_int00</name>
         <value>0x86345</value>
         <object_component_ref idref="oc-29a"/>
      </symbol>
      <symbol id="sm-cac">
         <name>__stack</name>
         <value>0x400</value>
         <object_component_ref idref="oc-29b"/>
      </symbol>
      <symbol id="sm-cbd">
         <name>FS$$DIV</name>
         <value>0x860ce</value>
         <object_component_ref idref="oc-2a1"/>
      </symbol>
      <symbol id="sm-cc9">
         <name>LL$$AND</name>
         <value>0x864e3</value>
         <object_component_ref idref="oc-2a6"/>
      </symbol>
      <symbol id="sm-cca">
         <name>LL$$OR</name>
         <value>0x864eb</value>
         <object_component_ref idref="oc-2a6"/>
      </symbol>
      <symbol id="sm-ccb">
         <name>LL$$XOR</name>
         <value>0x864f3</value>
         <object_component_ref idref="oc-2a6"/>
      </symbol>
      <symbol id="sm-cd9">
         <name>ULL$$CMP</name>
         <value>0x864ba</value>
         <object_component_ref idref="oc-2ab"/>
      </symbol>
      <symbol id="sm-cda">
         <name>LL$$CMP</name>
         <value>0x864a8</value>
         <object_component_ref idref="oc-2ab"/>
      </symbol>
      <symbol id="sm-ce6">
         <name>U$$MOD</name>
         <value>0x86512</value>
         <object_component_ref idref="oc-2b0"/>
      </symbol>
      <symbol id="sm-ce7">
         <name>U$$DIV</name>
         <value>0x8650d</value>
         <object_component_ref idref="oc-2b0"/>
      </symbol>
      <symbol id="sm-cf3">
         <name>UL$$MOD</name>
         <value>0x863e9</value>
         <object_component_ref idref="oc-2b5"/>
      </symbol>
      <symbol id="sm-cf4">
         <name>L$$MOD</name>
         <value>0x863d4</value>
         <object_component_ref idref="oc-2b5"/>
      </symbol>
      <symbol id="sm-cf5">
         <name>L$$DIV</name>
         <value>0x863c5</value>
         <object_component_ref idref="oc-2b5"/>
      </symbol>
      <symbol id="sm-cf6">
         <name>UL$$DIV</name>
         <value>0x863e2</value>
         <object_component_ref idref="oc-2b5"/>
      </symbol>
      <symbol id="sm-d05">
         <name>_copy_in</name>
         <value>0x86466</value>
         <object_component_ref idref="oc-2fb"/>
      </symbol>
      <symbol id="sm-d17">
         <name>_memcpy</name>
         <value>0x864c6</value>
         <object_component_ref idref="oc-30d"/>
      </symbol>
      <symbol id="sm-d24">
         <name>__system_pre_init</name>
         <value>0x8652c</value>
         <object_component_ref idref="oc-2fa"/>
      </symbol>
      <symbol id="sm-d32">
         <name>__system_post_cinit</name>
         <value>0x8652e</value>
         <object_component_ref idref="oc-2fc"/>
      </symbol>
      <symbol id="sm-d47">
         <name>C$$EXIT</name>
         <value>0x863ef</value>
         <object_component_ref idref="oc-2fe"/>
      </symbol>
      <symbol id="sm-d48">
         <name>_exit</name>
         <value>0x863f1</value>
         <object_component_ref idref="oc-2fe"/>
      </symbol>
      <symbol id="sm-d4a">
         <name>___TI_cleanup_ptr</name>
         <value>0xe56c</value>
         <object_component_ref idref="oc-2d0"/>
      </symbol>
      <symbol id="sm-d4b">
         <name>___TI_enable_exit_profile_output</name>
         <value>0xe56a</value>
         <object_component_ref idref="oc-2d0"/>
      </symbol>
      <symbol id="sm-d4c">
         <name>_abort</name>
         <value>0x863ef</value>
         <object_component_ref idref="oc-2fe"/>
      </symbol>
      <symbol id="sm-d4e">
         <name>___TI_dtors_ptr</name>
         <value>0xe56e</value>
         <object_component_ref idref="oc-2d0"/>
      </symbol>
      <symbol id="sm-d62">
         <name>__unlock</name>
         <value>0xe17e</value>
         <object_component_ref idref="oc-322"/>
      </symbol>
      <symbol id="sm-d63">
         <name>__lock</name>
         <value>0xdfbe</value>
         <object_component_ref idref="oc-30f"/>
      </symbol>
      <symbol id="sm-d64">
         <name>__register_lock</name>
         <value>0x8651c</value>
         <object_component_ref idref="oc-318"/>
      </symbol>
      <symbol id="sm-d66">
         <name>__nop</name>
         <value>0x86520</value>
         <object_component_ref idref="oc-318"/>
      </symbol>
      <symbol id="sm-d68">
         <name>__register_unlock</name>
         <value>0x86518</value>
         <object_component_ref idref="oc-318"/>
      </symbol>
      <symbol id="sm-d78">
         <name>__args_main</name>
         <value>0x864fb</value>
         <object_component_ref idref="oc-2fd"/>
      </symbol>
   </symbol_table>
   <title>Link successful</title>
</link_info>
